2026-01-14 15:38:41,566 - root - INFO - Logging initialized.
2026-01-14 15:38:41,567 - root - INFO - Application started
2026-01-14 15:38:41,573 - app.questions - ERROR - Failed to load questions: No questions found in database.
2026-01-14 15:38:41,573 - root - ERROR - Fatal Error: Question bank could not be loaded.
The application cannot start. | Error: No questions found in database.
Traceback (most recent call last):
  File "B:\Open_Source\soul_sence_Exam\SOUL_SENSE_EXAM\app\main.py", line 151, in <module>
    rows = load_questions()  # [(id, text, tooltip, min_age, max_age)]
  File "B:\Open_Source\soul_sence_Exam\SOUL_SENSE_EXAM\app\questions.py", line 273, in load_questions
    questions = _get_cached_questions_from_db(age)
  File "B:\Open_Source\soul_sence_Exam\SOUL_SENSE_EXAM\app\questions.py", line 141, in _get_cached_questions_from_db
    raise ResourceError("No questions found in database.")
app.exceptions.ResourceError: No questions found in database.
2026-01-14 15:43:58,810 - root - INFO - Logging initialized.
2026-01-14 15:43:58,825 - root - INFO - Application started
2026-01-14 15:43:58,827 - root - INFO - Loaded 100 total questions from DB
2026-01-14 15:44:01,273 - root - INFO - Loading ML Model: models\risk_model_v20260111_223056.pkl
2026-01-14 15:44:01,396 - root - INFO - ML Predictor initialized successfully
2026-01-14 15:44:01,456 - root - INFO - SentimentIntensityAnalyzer initialized successfully
2026-01-14 15:44:01,478 - root - ERROR - 

>>> APP INITIALIZED V2.1 <<<

2026-01-14 15:44:01,493 - root - INFO - Using 10 questions based on settings
2026-01-14 15:46:33,434 - app.ml.clustering - INFO - Model loaded from B:\Open_Source\soul_sence_Exam\SOUL_SENSE_EXAM\app\ml\models\clustering\emotional_profile_model.pkl
2026-01-14 15:47:39,037 - root - INFO - Logging initialized.
2026-01-14 15:47:39,037 - root - INFO - Application started
2026-01-14 15:47:39,038 - root - INFO - Loaded 100 total questions from DB
2026-01-14 15:47:41,421 - root - INFO - Loading ML Model: models\risk_model_v20260111_223056.pkl
2026-01-14 15:47:41,485 - root - INFO - ML Predictor initialized successfully
2026-01-14 15:47:41,526 - root - INFO - SentimentIntensityAnalyzer initialized successfully
2026-01-14 15:47:41,559 - root - ERROR - 

>>> APP INITIALIZED V2.1 <<<

2026-01-14 15:47:41,586 - root - INFO - Using 10 questions based on settings
2026-01-14 15:48:57,778 - app.ml.clustering - INFO - Model loaded from B:\Open_Source\soul_sence_Exam\SOUL_SENSE_EXAM\app\ml\models\clustering\emotional_profile_model.pkl
2026-01-14 15:50:26,724 - root - INFO - Session started | user=rohan | age=20 | age_group=adult | profession=Student | questions=10
2026-01-14 15:50:27,097 - root - INFO - Created new user for settings: rohan
2026-01-14 15:50:27,138 - root - INFO - Loaded settings for user 1: {'theme': 'light', 'question_count': 10, 'sound_enabled': True, 'notifications_enabled': True, 'language': 'en'}
2026-01-14 15:50:27,138 - root - INFO - Reloaded 10 questions based on settings
2026-01-14 15:50:36,420 - root - INFO - Reloaded 5 questions based on settings
2026-01-14 15:50:40,295 - root - ERROR - 

>>> DEBUG: Start Test Clicked! (New Handler)
2026-01-14 15:50:40,300 - root - ERROR - >>> DEBUG: self.current_user_id = 1
2026-01-14 15:50:40,306 - root - ERROR - >>> DEBUG: GOING TO EXAM
2026-01-14 15:50:40,472 - app.services.exam_service - INFO - Exam session started for user: rohan
2026-01-14 15:51:12,834 - app.services.exam_service - INFO - Exam saved. Score: 11, Sentiment: 0.0
2026-01-14 15:51:22,480 - root - CRITICAL - Unhandled exception in GUI
Traceback (most recent call last):
  File "C:\Python314\Lib\tkinter\__init__.py", line 2088, in __call__
    return self.func(*args)
           ~~~~~~~~~^^^^^^^
  File "B:\Open_Source\soul_sence_Exam\SOUL_SENSE_EXAM\app\ui\satisfaction.py", line 76, in _on_mousewheel
    canvas.yview_scroll(int(-1*(event.delta/120)), "units")
    ~~~~~~~~~~~~~~~~~~~^^^^^^^^^^^^^^^^^^^^^^^^^^^^^^^^^^^^
  File "C:\Python314\Lib\tkinter\__init__.py", line 2134, in yview_scroll
    self.tk.call(self._w, 'yview', 'scroll', number, what)
    ~~~~~~~~~~~~^^^^^^^^^^^^^^^^^^^^^^^^^^^^^^^^^^^^^^^^^^
_tkinter.TclError: invalid command name ".!toplevel5.!canvas"
2026-01-14 15:51:22,489 - root - ERROR - Interface Error: A graphical interface error occurred.
2026-01-14 15:51:25,783 - root - CRITICAL - Unhandled exception in GUI
Traceback (most recent call last):
  File "C:\Python314\Lib\tkinter\__init__.py", line 2088, in __call__
    return self.func(*args)
           ~~~~~~~~~^^^^^^^
  File "B:\Open_Source\soul_sence_Exam\SOUL_SENSE_EXAM\app\ui\satisfaction.py", line 76, in _on_mousewheel
    canvas.yview_scroll(int(-1*(event.delta/120)), "units")
    ~~~~~~~~~~~~~~~~~~~^^^^^^^^^^^^^^^^^^^^^^^^^^^^^^^^^^^^
  File "C:\Python314\Lib\tkinter\__init__.py", line 2134, in yview_scroll
    self.tk.call(self._w, 'yview', 'scroll', number, what)
    ~~~~~~~~~~~~^^^^^^^^^^^^^^^^^^^^^^^^^^^^^^^^^^^^^^^^^^
_tkinter.TclError: invalid command name ".!toplevel5.!canvas"
2026-01-14 15:51:25,796 - root - ERROR - Interface Error: A graphical interface error occurred.
2026-01-14 16:18:52,247 - root - CRITICAL - Unhandled exception in GUI
Traceback (most recent call last):
  File "C:\Python314\Lib\tkinter\__init__.py", line 2088, in __call__
    return self.func(*args)
           ~~~~~~~~~^^^^^^^
  File "C:\Python314\Lib\tkinter\__init__.py", line 876, in callit
    func(*args, **kw)
    ~~~~^^^^^^^^^^^^^
  File "B:\Open_Source\soul_sence_Exam\SOUL_SENSE_EXAM\app\main.py", line 711, in launch_main_app
    root.mainloop()
    ~~~~~~~~~~~~~^^
  File "C:\Python314\Lib\tkinter\__init__.py", line 1613, in mainloop
    self.tk.mainloop(n)
    ~~~~~~~~~~~~~~~~^^^
KeyboardInterrupt
2026-01-14 16:18:52,661 - root - ERROR - Unexpected Error: An unexpected error occurred.
2026-01-14 16:19:23,983 - root - INFO - Logging initialized.
2026-01-14 16:19:24,021 - root - INFO - Application started
2026-01-14 16:19:24,030 - root - INFO - Loaded 100 total questions from DB
2026-01-14 16:19:26,831 - root - INFO - Loading ML Model: models\risk_model_v20260111_223056.pkl
2026-01-14 16:19:26,893 - root - INFO - ML Predictor initialized successfully
2026-01-14 16:19:27,235 - root - INFO - SentimentIntensityAnalyzer initialized successfully
2026-01-14 16:19:27,239 - root - ERROR - 

>>> APP INITIALIZED V2.1 <<<

2026-01-14 16:19:27,239 - root - INFO - Using 10 questions based on settings
2026-01-14 16:19:37,363 - app.ml.clustering - INFO - Model loaded from B:\Open_Source\soul_sence_Exam\SOUL_SENSE_EXAM\app\ml\models\clustering\emotional_profile_model.pkl
2026-01-14 16:20:41,219 - app.ml.clustering - INFO - Model loaded from B:\Open_Source\soul_sence_Exam\SOUL_SENSE_EXAM\app\ml\models\clustering\emotional_profile_model.pkl
2026-01-14 16:26:47,429 - root - INFO - Logging initialized.
2026-01-14 16:26:47,442 - root - INFO - Application started
2026-01-14 16:26:47,443 - root - INFO - Loaded 100 total questions from DB
2026-01-14 16:26:49,939 - root - INFO - Loading ML Model: models\risk_model_v20260111_223056.pkl
2026-01-14 16:26:50,014 - root - INFO - ML Predictor initialized successfully
2026-01-14 16:26:50,111 - root - INFO - SentimentIntensityAnalyzer initialized successfully
2026-01-14 16:26:50,122 - root - ERROR - 

>>> APP INITIALIZED V2.1 <<<

2026-01-14 16:26:50,130 - root - INFO - Using 10 questions based on settings
2026-01-14 16:27:00,907 - root - INFO - Session started | user=rohan | age=22 | age_group=adult | profession=Student | questions=10
2026-01-14 16:27:01,286 - root - INFO - Loaded settings for user 1: {'theme': 'dark', 'question_count': 5, 'sound_enabled': True, 'notifications_enabled': True, 'language': 'en'}
2026-01-14 16:27:01,287 - root - INFO - Reloaded 5 questions based on settings
2026-01-14 16:27:25,917 - app.ml.clustering - INFO - Model loaded from B:\Open_Source\soul_sence_Exam\SOUL_SENSE_EXAM\app\ml\models\clustering\emotional_profile_model.pkl
2026-01-14 16:28:42,977 - matplotlib.category - INFO - Using categorical units to plot a list of strings that are all parsable as floats or dates. If these strings should be plotted as numbers, cast to the appropriate data type before plotting.
2026-01-14 16:28:42,978 - matplotlib.category - INFO - Using categorical units to plot a list of strings that are all parsable as floats or dates. If these strings should be plotted as numbers, cast to the appropriate data type before plotting.
2026-01-14 16:28:58,555 - matplotlib.category - INFO - Using categorical units to plot a list of strings that are all parsable as floats or dates. If these strings should be plotted as numbers, cast to the appropriate data type before plotting.
2026-01-14 16:28:58,555 - matplotlib.category - INFO - Using categorical units to plot a list of strings that are all parsable as floats or dates. If these strings should be plotted as numbers, cast to the appropriate data type before plotting.
2026-01-14 16:28:59,744 - matplotlib.category - INFO - Using categorical units to plot a list of strings that are all parsable as floats or dates. If these strings should be plotted as numbers, cast to the appropriate data type before plotting.
2026-01-14 16:28:59,745 - matplotlib.category - INFO - Using categorical units to plot a list of strings that are all parsable as floats or dates. If these strings should be plotted as numbers, cast to the appropriate data type before plotting.
2026-01-14 16:29:01,383 - matplotlib.category - INFO - Using categorical units to plot a list of strings that are all parsable as floats or dates. If these strings should be plotted as numbers, cast to the appropriate data type before plotting.
2026-01-14 16:29:01,384 - matplotlib.category - INFO - Using categorical units to plot a list of strings that are all parsable as floats or dates. If these strings should be plotted as numbers, cast to the appropriate data type before plotting.
2026-01-14 16:29:02,269 - matplotlib.category - INFO - Using categorical units to plot a list of strings that are all parsable as floats or dates. If these strings should be plotted as numbers, cast to the appropriate data type before plotting.
2026-01-14 16:29:02,270 - matplotlib.category - INFO - Using categorical units to plot a list of strings that are all parsable as floats or dates. If these strings should be plotted as numbers, cast to the appropriate data type before plotting.
2026-01-14 16:29:03,494 - matplotlib.category - INFO - Using categorical units to plot a list of strings that are all parsable as floats or dates. If these strings should be plotted as numbers, cast to the appropriate data type before plotting.
2026-01-14 16:29:03,495 - matplotlib.category - INFO - Using categorical units to plot a list of strings that are all parsable as floats or dates. If these strings should be plotted as numbers, cast to the appropriate data type before plotting.
2026-01-14 16:29:04,426 - matplotlib.category - INFO - Using categorical units to plot a list of strings that are all parsable as floats or dates. If these strings should be plotted as numbers, cast to the appropriate data type before plotting.
2026-01-14 16:29:04,427 - matplotlib.category - INFO - Using categorical units to plot a list of strings that are all parsable as floats or dates. If these strings should be plotted as numbers, cast to the appropriate data type before plotting.
2026-01-14 16:36:36,621 - root - INFO - Logging initialized.
2026-01-14 16:36:36,664 - root - INFO - Application started
2026-01-14 16:36:36,694 - root - INFO - Loaded 100 total questions from DB
2026-01-14 16:36:40,729 - root - INFO - Loading ML Model: models\risk_model_v20260111_223056.pkl
2026-01-14 16:36:40,825 - root - INFO - ML Predictor initialized successfully
2026-01-14 16:36:40,890 - root - INFO - SentimentIntensityAnalyzer initialized successfully
2026-01-14 16:36:40,899 - root - ERROR - 

>>> APP INITIALIZED V2.1 <<<

2026-01-14 16:36:40,904 - root - INFO - Using 10 questions based on settings
2026-01-14 16:37:58,190 - root - INFO - Session started | user=rohan | age=20 | age_group=adult | profession=Student | questions=10
2026-01-14 16:37:58,630 - root - INFO - Loaded settings for user 1: {'theme': 'dark', 'question_count': 5, 'sound_enabled': True, 'notifications_enabled': True, 'language': 'en'}
2026-01-14 16:37:58,631 - root - INFO - Reloaded 5 questions based on settings
2026-01-14 16:38:30,421 - app.ml.clustering - INFO - Model loaded from B:\Open_Source\soul_sence_Exam\SOUL_SENSE_EXAM\app\ml\models\clustering\emotional_profile_model.pkl
2026-01-18 14:50:36 - root - INFO - [logger.py:85] - Logging initialized.
2026-01-18 14:50:36 - app.startup_checks - INFO - [startup_checks.py:298] - Running startup integrity checks...
2026-01-18 14:50:36 - app.startup_checks - INFO - [startup_checks.py:268] - Config integrity check passed
2026-01-18 14:50:36 - app.startup_checks - INFO - [startup_checks.py:316] - ✓ config_integrity: Configuration is valid
2026-01-18 14:50:36 - app.startup_checks - INFO - [startup_checks.py:195] - Required files check passed
2026-01-18 14:50:36 - app.startup_checks - INFO - [startup_checks.py:316] - ✓ required_files: All required files and directories present
2026-01-18 14:50:36 - app.startup_checks - INFO - [startup_checks.py:121] - Database schema check passed
2026-01-18 14:50:36 - app.startup_checks - INFO - [startup_checks.py:316] - ✓ database_schema: All required tables present
2026-01-18 14:50:36 - app.startup_checks - INFO - [startup_checks.py:341] - Integrity checks complete: 3 passed, 0 warnings, 0 failed
2026-01-18 14:50:36 - __main__ - INFO - [main.py:485] - Startup Integrity Check Results:
========================================
✓ config_integrity: Configuration is valid
✓ required_files: All required files and directories present
✓ database_schema: All required tables present
========================================
2026-01-18 14:50:36 - app.questions - INFO - [questions.py:143] - Loaded 100 questions from DB (age filter: 25)
2026-01-18 14:50:36 - app.questions - INFO - [questions.py:143] - Loaded 100 questions from DB (age filter: 35)
2026-01-18 14:50:36 - app.questions - INFO - [questions.py:143] - Loaded 100 questions from DB (age filter: 50)
2026-01-18 14:50:36 - app.questions - INFO - [questions.py:143] - Loaded 100 questions from DB (age filter: None)
2026-01-18 14:50:36 - app.questions - INFO - [questions.py:143] - Loaded 100 questions from DB (age filter: None)
2026-01-18 14:50:36 - app.questions - INFO - [questions.py:143] - Loaded 100 questions from DB (age filter: 18)
2026-01-18 14:50:36 - app.questions - INFO - [questions.py:143] - Loaded 100 questions from DB (age filter: 65)
2026-01-18 14:50:49 - app.services.exam_service - INFO - [exam_service.py:55] - Exam session started for user: rohan1
2026-01-18 14:50:51 - app.ml.clustering - INFO - [clustering.py:617] - Model loaded from B:\Open_Source\soul_sence_Exam\SOUL_SENSE_EXAM\app\ml\models\clustering\emotional_profile_model.pkl
2026-01-18 14:51:14 - __main__ - INFO - [main.py:430] - Initiating graceful application shutdown...
2026-01-18 14:51:14 - __main__ - INFO - [main.py:439] - Database session committed and closed successfully
2026-01-18 14:51:14 - __main__ - INFO - [main.py:444] - Application shutdown complete
2026-01-18 14:51:15 - __main__ - INFO - [main.py:430] - Initiating graceful application shutdown...
2026-01-18 14:51:15 - __main__ - INFO - [main.py:439] - Database session committed and closed successfully
2026-01-18 14:51:15 - __main__ - INFO - [main.py:444] - Application shutdown complete
2026-01-18 15:14:10 - root - INFO - [logger.py:85] - Logging initialized.
2026-01-18 15:14:10 - app.startup_checks - INFO - [startup_checks.py:298] - Running startup integrity checks...
2026-01-18 15:14:10 - app.startup_checks - INFO - [startup_checks.py:268] - Config integrity check passed
2026-01-18 15:14:10 - app.startup_checks - INFO - [startup_checks.py:316] - ✓ config_integrity: Configuration is valid
2026-01-18 15:14:10 - app.startup_checks - INFO - [startup_checks.py:195] - Required files check passed
2026-01-18 15:14:10 - app.startup_checks - INFO - [startup_checks.py:316] - ✓ required_files: All required files and directories present
2026-01-18 15:14:10 - app.startup_checks - INFO - [startup_checks.py:121] - Database schema check passed
2026-01-18 15:14:10 - app.startup_checks - INFO - [startup_checks.py:316] - ✓ database_schema: All required tables present
2026-01-18 15:14:10 - app.startup_checks - INFO - [startup_checks.py:341] - Integrity checks complete: 3 passed, 0 warnings, 0 failed
2026-01-18 15:14:10 - __main__ - INFO - [main.py:485] - Startup Integrity Check Results:
========================================
✓ config_integrity: Configuration is valid
✓ required_files: All required files and directories present
✓ database_schema: All required tables present
========================================
2026-01-18 15:14:11 - app.questions - INFO - [questions.py:139] - Loaded 100 questions from DB (age filter: 50)
2026-01-18 15:14:11 - app.questions - INFO - [questions.py:139] - Loaded 100 questions from DB (age filter: 35)
2026-01-18 15:14:11 - app.questions - INFO - [questions.py:139] - Loaded 100 questions from DB (age filter: None)
2026-01-18 15:14:11 - app.questions - INFO - [questions.py:139] - Loaded 100 questions from DB (age filter: 18)
2026-01-18 15:14:11 - app.questions - INFO - [questions.py:139] - Loaded 100 questions from DB (age filter: 25)
2026-01-18 15:14:11 - app.questions - INFO - [questions.py:139] - Loaded 100 questions from DB (age filter: 65)
2026-01-18 15:14:11 - app.questions - INFO - [questions.py:139] - Loaded 100 questions from DB (age filter: None)
2026-01-18 15:18:17 - __main__ - INFO - [main.py:430] - Initiating graceful application shutdown...
2026-01-18 15:18:18 - __main__ - INFO - [main.py:439] - Database session committed and closed successfully
2026-01-18 15:18:18 - __main__ - INFO - [main.py:444] - Application shutdown complete
2026-01-18 16:14:33 - root - INFO - [logger.py:85] - Logging initialized.
2026-01-18 16:14:33 - app.startup_checks - INFO - [startup_checks.py:298] - Running startup integrity checks...
2026-01-18 16:14:33 - app.startup_checks - INFO - [startup_checks.py:268] - Config integrity check passed
2026-01-18 16:14:33 - app.startup_checks - INFO - [startup_checks.py:316] - ✓ config_integrity: Configuration is valid
2026-01-18 16:14:33 - app.startup_checks - INFO - [startup_checks.py:195] - Required files check passed
2026-01-18 16:14:33 - app.startup_checks - INFO - [startup_checks.py:316] - ✓ required_files: All required files and directories present
2026-01-18 16:14:33 - app.startup_checks - INFO - [startup_checks.py:121] - Database schema check passed
2026-01-18 16:14:33 - app.questions - INFO - [questions.py:51] - Loaded 100 active questions into memory.
2026-01-18 16:14:33 - app.startup_checks - INFO - [startup_checks.py:316] - ✓ database_schema: All required tables present
2026-01-18 16:14:33 - app.startup_checks - INFO - [startup_checks.py:341] - Integrity checks complete: 3 passed, 0 warnings, 0 failed
2026-01-18 16:14:33 - __main__ - INFO - [main.py:485] - Startup Integrity Check Results:
========================================
✓ config_integrity: Configuration is valid
✓ required_files: All required files and directories present
✓ database_schema: All required tables present
========================================
2026-01-18 16:14:33 - __main__ - INFO - [main.py:515] - Preloading questions into memory...
2026-01-18 16:14:33 - app.questions - INFO - [questions.py:51] - Loaded 100 active questions into memory.
2026-01-18 16:15:44 - app.services.exam_service - INFO - [exam_service.py:55] - Exam session started for user: rohan1
2026-01-18 16:15:47 - app.ml.clustering - INFO - [clustering.py:617] - Model loaded from B:\Open_Source\soul_sence_Exam\SOUL_SENSE_EXAM\app\ml\models\clustering\emotional_profile_model.pkl
2026-01-18 16:15:49 - app.ml.clustering - INFO - [clustering.py:617] - Model loaded from B:\Open_Source\soul_sence_Exam\SOUL_SENSE_EXAM\app\ml\models\clustering\emotional_profile_model.pkl
2026-01-18 16:15:55 - app.ml.clustering - INFO - [clustering.py:617] - Model loaded from B:\Open_Source\soul_sence_Exam\SOUL_SENSE_EXAM\app\ml\models\clustering\emotional_profile_model.pkl
2026-01-18 16:15:56 - app.services.exam_service - INFO - [exam_service.py:55] - Exam session started for user: rohan1
2026-01-18 22:11:28 - root - INFO - [logger.py:85] - Logging initialized.
2026-01-18 22:11:28 - app.startup_checks - INFO - [startup_checks.py:298] - Running startup integrity checks...
2026-01-18 22:11:28 - app.startup_checks - INFO - [startup_checks.py:268] - Config integrity check passed
2026-01-18 22:11:28 - app.startup_checks - INFO - [startup_checks.py:316] - ✓ config_integrity: Configuration is valid
2026-01-18 22:11:28 - app.startup_checks - INFO - [startup_checks.py:195] - Required files check passed
2026-01-18 22:11:28 - app.startup_checks - INFO - [startup_checks.py:316] - ✓ required_files: All required files and directories present
2026-01-18 22:11:28 - app.questions - INFO - [questions.py:52] - Loaded 100 active questions into memory.
2026-01-18 22:11:28 - app.startup_checks - INFO - [startup_checks.py:121] - Database schema check passed
2026-01-18 22:11:28 - app.startup_checks - INFO - [startup_checks.py:316] - ✓ database_schema: All required tables present
2026-01-18 22:11:28 - app.startup_checks - INFO - [startup_checks.py:341] - Integrity checks complete: 3 passed, 0 warnings, 0 failed
2026-01-18 22:11:28 - __main__ - INFO - [main.py:485] - Startup Integrity Check Results:
========================================
✓ config_integrity: Configuration is valid
✓ required_files: All required files and directories present
✓ database_schema: All required tables present
========================================
2026-01-18 22:11:28 - __main__ - INFO - [main.py:515] - Preloading questions into memory...
2026-01-18 22:11:28 - app.questions - INFO - [questions.py:52] - Loaded 100 active questions into memory.
2026-01-18 22:11:54 - app.services.exam_service - INFO - [exam_service.py:55] - Exam session started for user: rohan1
2026-01-18 22:11:56 - app.ml.clustering - INFO - [clustering.py:617] - Model loaded from B:\Open_Source\soul_sence_Exam\SOUL_SENSE_EXAM\app\ml\models\clustering\emotional_profile_model.pkl
2026-01-18 23:56:09 - __main__ - INFO - [main.py:430] - Initiating graceful application shutdown...
2026-01-18 23:56:09 - __main__ - INFO - [main.py:439] - Database session committed and closed successfully
2026-01-18 23:56:09 - __main__ - INFO - [main.py:444] - Application shutdown complete
2026-01-18 23:56:10 - __main__ - INFO - [main.py:430] - Initiating graceful application shutdown...
2026-01-18 23:56:10 - __main__ - INFO - [main.py:439] - Database session committed and closed successfully
2026-01-18 23:56:10 - __main__ - INFO - [main.py:444] - Application shutdown complete
2026-01-19 00:00:57 - root - INFO - [logger.py:85] - Logging initialized.
2026-01-19 00:00:57 - app.startup_checks - INFO - [startup_checks.py:298] - Running startup integrity checks...
2026-01-19 00:00:57 - app.startup_checks - INFO - [startup_checks.py:268] - Config integrity check passed
2026-01-19 00:00:57 - app.startup_checks - INFO - [startup_checks.py:316] - ✓ config_integrity: Configuration is valid
2026-01-19 00:00:57 - app.startup_checks - INFO - [startup_checks.py:195] - Required files check passed
2026-01-19 00:00:57 - app.startup_checks - INFO - [startup_checks.py:316] - ✓ required_files: All required files and directories present
2026-01-19 00:00:57 - app.startup_checks - INFO - [startup_checks.py:121] - Database schema check passed
2026-01-19 00:00:57 - app.questions - INFO - [questions.py:52] - Loaded 100 active questions into memory.
2026-01-19 00:00:57 - app.startup_checks - INFO - [startup_checks.py:316] - ✓ database_schema: All required tables present
2026-01-19 00:00:57 - app.startup_checks - INFO - [startup_checks.py:341] - Integrity checks complete: 3 passed, 0 warnings, 0 failed
2026-01-19 00:00:57 - __main__ - INFO - [main.py:485] - Startup Integrity Check Results:
========================================
✓ config_integrity: Configuration is valid
✓ required_files: All required files and directories present
✓ database_schema: All required tables present
========================================
2026-01-19 00:00:57 - __main__ - INFO - [main.py:515] - Preloading questions into memory...
2026-01-19 00:00:57 - app.questions - INFO - [questions.py:52] - Loaded 100 active questions into memory.
2026-01-19 00:01:16 - app.services.exam_service - INFO - [exam_service.py:55] - Exam session started for user: rohan1
2026-01-19 00:01:18 - app.ml.clustering - INFO - [clustering.py:617] - Model loaded from B:\Open_Source\soul_sence_Exam\SOUL_SENSE_EXAM\app\ml\models\clustering\emotional_profile_model.pkl
2026-01-19 00:14:46 - __main__ - INFO - [main.py:430] - Initiating graceful application shutdown...
2026-01-19 00:14:46 - __main__ - INFO - [main.py:439] - Database session committed and closed successfully
2026-01-19 00:14:46 - __main__ - INFO - [main.py:444] - Application shutdown complete
2026-01-19 00:14:46 - __main__ - INFO - [main.py:430] - Initiating graceful application shutdown...
2026-01-19 00:14:46 - __main__ - INFO - [main.py:439] - Database session committed and closed successfully
2026-01-19 00:14:46 - __main__ - INFO - [main.py:444] - Application shutdown complete
2026-01-19 00:15:16 - root - INFO - [logger.py:85] - Logging initialized.
2026-01-19 00:15:16 - app.startup_checks - INFO - [startup_checks.py:298] - Running startup integrity checks...
2026-01-19 00:15:16 - app.startup_checks - INFO - [startup_checks.py:268] - Config integrity check passed
2026-01-19 00:15:16 - app.startup_checks - INFO - [startup_checks.py:316] - ✓ config_integrity: Configuration is valid
2026-01-19 00:15:16 - app.startup_checks - INFO - [startup_checks.py:195] - Required files check passed
2026-01-19 00:15:16 - app.startup_checks - INFO - [startup_checks.py:316] - ✓ required_files: All required files and directories present
2026-01-19 00:15:16 - app.startup_checks - INFO - [startup_checks.py:121] - Database schema check passed
2026-01-19 00:15:16 - app.startup_checks - INFO - [startup_checks.py:316] - ✓ database_schema: All required tables present
2026-01-19 00:15:16 - app.startup_checks - INFO - [startup_checks.py:341] - Integrity checks complete: 3 passed, 0 warnings, 0 failed
2026-01-19 00:15:16 - __main__ - INFO - [main.py:485] - Startup Integrity Check Results:
========================================
✓ config_integrity: Configuration is valid
✓ required_files: All required files and directories present
✓ database_schema: All required tables present
========================================
2026-01-19 00:15:16 - __main__ - INFO - [main.py:515] - Preloading questions into memory...
2026-01-19 00:15:16 - app.questions - INFO - [questions.py:52] - Loaded 100 active questions into memory.
2026-01-19 00:15:16 - app.questions - INFO - [questions.py:52] - Loaded 100 active questions into memory.
2026-01-19 00:15:48 - app.error_handler - ERROR - [error_handler.py:134] - [HIGH] tkinter.callback: AttributeError - 'SoulSenseApp' object has no attribute 'center_window'
Traceback (most recent call last):
  File "C:\Python314\Lib\tkinter\__init__.py", line 2088, in __call__
    return self.func(*args)
           ~~~~~~~~~^^^^^^^
  File "B:\Open_Source\soul_sence_Exam\SOUL_SENSE_EXAM\app\ui\profile.py", line 448, in <lambda>
    w.bind("<Button-1>", lambda e: self._edit_manifesto_custom(user_data.get("life_pov", "")))
                                   ~~~~~~~~~~~~~~~~~~~~~~~~~~~^^^^^^^^^^^^^^^^^^^^^^^^^^^^^^^
  File "B:\Open_Source\soul_sence_Exam\SOUL_SENSE_EXAM\app\ui\profile.py", line 464, in _edit_manifesto_custom
    self.app.center_window(dialog, 600, 400)
    ^^^^^^^^^^^^^^^^^^^^^^
AttributeError: 'SoulSenseApp' object has no attribute 'center_window'
2026-01-19 00:15:48 - root - ERROR - [main.py:455] - Interface Error: An unexpected error occurred. Please try again. - 'SoulSenseApp' object has no attribute 'center_window'
2026-01-19 00:15:55 - app.error_handler - ERROR - [error_handler.py:134] - [HIGH] tkinter.callback: AttributeError - 'SoulSenseApp' object has no attribute 'center_window'
Traceback (most recent call last):
  File "C:\Python314\Lib\tkinter\__init__.py", line 2088, in __call__
    return self.func(*args)
           ~~~~~~~~~^^^^^^^
  File "B:\Open_Source\soul_sence_Exam\SOUL_SENSE_EXAM\app\ui\profile.py", line 448, in <lambda>
    w.bind("<Button-1>", lambda e: self._edit_manifesto_custom(user_data.get("life_pov", "")))
                                   ~~~~~~~~~~~~~~~~~~~~~~~~~~~^^^^^^^^^^^^^^^^^^^^^^^^^^^^^^^
  File "B:\Open_Source\soul_sence_Exam\SOUL_SENSE_EXAM\app\ui\profile.py", line 464, in _edit_manifesto_custom
    self.app.center_window(dialog, 600, 400)
    ^^^^^^^^^^^^^^^^^^^^^^
AttributeError: 'SoulSenseApp' object has no attribute 'center_window'
2026-01-19 00:15:55 - root - ERROR - [main.py:455] - Interface Error: An unexpected error occurred. Please try again. - 'SoulSenseApp' object has no attribute 'center_window'
2026-01-19 00:16:03 - __main__ - INFO - [main.py:430] - Initiating graceful application shutdown...
2026-01-19 00:16:03 - __main__ - INFO - [main.py:439] - Database session committed and closed successfully
2026-01-19 00:16:03 - __main__ - INFO - [main.py:444] - Application shutdown complete
2026-01-19 00:16:03 - __main__ - INFO - [main.py:430] - Initiating graceful application shutdown...
2026-01-19 00:16:03 - __main__ - INFO - [main.py:439] - Database session committed and closed successfully
2026-01-19 00:16:03 - __main__ - INFO - [main.py:444] - Application shutdown complete
2026-01-19 00:20:06 - root - INFO - [logger.py:85] - Logging initialized.
2026-01-19 00:20:06 - app.startup_checks - INFO - [startup_checks.py:298] - Running startup integrity checks...
2026-01-19 00:20:06 - app.startup_checks - INFO - [startup_checks.py:268] - Config integrity check passed
2026-01-19 00:20:06 - app.startup_checks - INFO - [startup_checks.py:316] - ✓ config_integrity: Configuration is valid
2026-01-19 00:20:06 - app.startup_checks - INFO - [startup_checks.py:195] - Required files check passed
2026-01-19 00:20:06 - app.startup_checks - INFO - [startup_checks.py:316] - ✓ required_files: All required files and directories present
2026-01-19 00:20:06 - app.startup_checks - INFO - [startup_checks.py:121] - Database schema check passed
2026-01-19 00:20:06 - app.startup_checks - INFO - [startup_checks.py:316] - ✓ database_schema: All required tables present
2026-01-19 00:20:06 - app.startup_checks - INFO - [startup_checks.py:341] - Integrity checks complete: 3 passed, 0 warnings, 0 failed
2026-01-19 00:20:06 - __main__ - INFO - [main.py:485] - Startup Integrity Check Results:
========================================
✓ config_integrity: Configuration is valid
✓ required_files: All required files and directories present
✓ database_schema: All required tables present
========================================
2026-01-19 00:20:06 - __main__ - INFO - [main.py:515] - Preloading questions into memory...
2026-01-19 00:20:06 - app.questions - INFO - [questions.py:52] - Loaded 100 active questions into memory.
2026-01-19 00:20:06 - app.questions - INFO - [questions.py:52] - Loaded 100 active questions into memory.
2026-01-19 00:39:59 - __main__ - INFO - [main.py:430] - Initiating graceful application shutdown...
2026-01-19 00:40:00 - __main__ - INFO - [main.py:439] - Database session committed and closed successfully
2026-01-19 00:40:00 - __main__ - INFO - [main.py:444] - Application shutdown complete
2026-01-19 00:40:00 - __main__ - INFO - [main.py:430] - Initiating graceful application shutdown...
2026-01-19 00:40:00 - __main__ - INFO - [main.py:439] - Database session committed and closed successfully
2026-01-19 00:40:00 - __main__ - INFO - [main.py:444] - Application shutdown complete
2026-01-19 15:15:51 - root - INFO - [logger.py:85] - Logging initialized.
2026-01-19 15:15:51 - app.startup_checks - INFO - [startup_checks.py:298] - Running startup integrity checks...
2026-01-19 15:15:51 - app.startup_checks - INFO - [startup_checks.py:268] - Config integrity check passed
2026-01-19 15:15:51 - app.startup_checks - INFO - [startup_checks.py:316] - ✓ config_integrity: Configuration is valid
2026-01-19 15:15:51 - app.startup_checks - INFO - [startup_checks.py:195] - Required files check passed
2026-01-19 15:15:51 - app.startup_checks - INFO - [startup_checks.py:316] - ✓ required_files: All required files and directories present
2026-01-19 15:15:51 - app.startup_checks - INFO - [startup_checks.py:121] - Database schema check passed
2026-01-19 15:15:51 - app.questions - INFO - [questions.py:52] - Loaded 100 active questions into memory.
2026-01-19 15:15:51 - app.startup_checks - INFO - [startup_checks.py:316] - ✓ database_schema: All required tables present
2026-01-19 15:15:51 - app.startup_checks - INFO - [startup_checks.py:341] - Integrity checks complete: 3 passed, 0 warnings, 0 failed
2026-01-19 15:15:51 - __main__ - INFO - [main.py:485] - Startup Integrity Check Results:
========================================
✓ config_integrity: Configuration is valid
✓ required_files: All required files and directories present
✓ database_schema: All required tables present
========================================
2026-01-19 15:15:51 - __main__ - INFO - [main.py:515] - Preloading questions into memory...
2026-01-19 15:15:51 - app.questions - INFO - [questions.py:52] - Loaded 100 active questions into memory.
2026-01-19 15:18:25 - root - INFO - [logger.py:85] - Logging initialized.
2026-01-19 15:18:25 - app.startup_checks - INFO - [startup_checks.py:298] - Running startup integrity checks...
2026-01-19 15:18:25 - app.startup_checks - INFO - [startup_checks.py:268] - Config integrity check passed
2026-01-19 15:18:25 - app.startup_checks - INFO - [startup_checks.py:316] - ✓ config_integrity: Configuration is valid
2026-01-19 15:18:25 - app.startup_checks - INFO - [startup_checks.py:195] - Required files check passed
2026-01-19 15:18:25 - app.startup_checks - INFO - [startup_checks.py:316] - ✓ required_files: All required files and directories present
2026-01-19 15:18:25 - app.startup_checks - INFO - [startup_checks.py:121] - Database schema check passed
2026-01-19 15:18:25 - app.startup_checks - INFO - [startup_checks.py:316] - ✓ database_schema: All required tables present
2026-01-19 15:18:25 - app.startup_checks - INFO - [startup_checks.py:341] - Integrity checks complete: 3 passed, 0 warnings, 0 failed
2026-01-19 15:18:25 - __main__ - INFO - [main.py:485] - Startup Integrity Check Results:
========================================
✓ config_integrity: Configuration is valid
✓ required_files: All required files and directories present
✓ database_schema: All required tables present
========================================
2026-01-19 15:18:25 - app.questions - INFO - [questions.py:52] - Loaded 100 active questions into memory.
2026-01-19 15:18:25 - __main__ - INFO - [main.py:515] - Preloading questions into memory...
2026-01-19 15:18:25 - app.questions - INFO - [questions.py:52] - Loaded 100 active questions into memory.
2026-01-19 15:18:31 - app.services.exam_service - INFO - [exam_service.py:55] - Exam session started for user: rohan1
2026-01-19 15:18:34 - app.ml.clustering - INFO - [clustering.py:617] - Model loaded from B:\Open_Source\soul_sence_Exam\SOUL_SENSE_EXAM\app\ml\models\clustering\emotional_profile_model.pkl
2026-01-19 15:18:50 - app.error_handler - ERROR - [error_handler.py:134] - [HIGH] tkinter.callback: AttributeError - 'UserProfileView' object has no attribute '_render_export_view'
Traceback (most recent call last):
  File "C:\Python314\Lib\tkinter\__init__.py", line 2088, in __call__
    return self.func(*args)
           ~~~~~~~~~^^^^^^^
  File "B:\Open_Source\soul_sence_Exam\SOUL_SENSE_EXAM\app\ui\sidebar.py", line 191, in <lambda>
    widget.bind("<Button-1>", lambda e, i=item_id: self.select_item(i))
                                                   ~~~~~~~~~~~~~~~~^^^
  File "B:\Open_Source\soul_sence_Exam\SOUL_SENSE_EXAM\app\ui\sidebar.py", line 221, in select_item
    self.on_change(item_id)
    ~~~~~~~~~~~~~~^^^^^^^^^
  File "B:\Open_Source\soul_sence_Exam\SOUL_SENSE_EXAM\app\ui\profile.py", line 171, in on_nav_change
    self.header_label.configure(text="Data Export")
    ^^^^^^^^^^^^^^^^^^^^^^^^
AttributeError: 'UserProfileView' object has no attribute '_render_export_view'. Did you mean: '_render_history_view'?
2026-01-19 15:18:50 - root - ERROR - [main.py:455] - Interface Error: An unexpected error occurred. Please try again. - 'UserProfileView' object has no attribute '_render_export_view'
2026-01-19 15:19:15 - __main__ - INFO - [main.py:430] - Initiating graceful application shutdown...
2026-01-19 15:19:15 - __main__ - INFO - [main.py:439] - Database session committed and closed successfully
2026-01-19 15:19:15 - __main__ - INFO - [main.py:444] - Application shutdown complete
2026-01-19 15:19:18 - __main__ - INFO - [main.py:430] - Initiating graceful application shutdown...
2026-01-19 15:19:18 - __main__ - INFO - [main.py:439] - Database session committed and closed successfully
2026-01-19 15:19:18 - __main__ - INFO - [main.py:444] - Application shutdown complete
2026-01-19 15:19:18 - __main__ - INFO - [main.py:430] - Initiating graceful application shutdown...
2026-01-19 15:19:18 - __main__ - INFO - [main.py:439] - Database session committed and closed successfully
2026-01-19 15:19:18 - __main__ - INFO - [main.py:444] - Application shutdown complete
2026-01-19 15:22:20 - root - INFO - [logger.py:85] - Logging initialized.
2026-01-19 15:22:20 - app.startup_checks - INFO - [startup_checks.py:298] - Running startup integrity checks...
2026-01-19 15:22:20 - app.startup_checks - INFO - [startup_checks.py:268] - Config integrity check passed
2026-01-19 15:22:20 - app.startup_checks - INFO - [startup_checks.py:316] - ✓ config_integrity: Configuration is valid
2026-01-19 15:22:20 - app.startup_checks - INFO - [startup_checks.py:195] - Required files check passed
2026-01-19 15:22:20 - app.startup_checks - INFO - [startup_checks.py:316] - ✓ required_files: All required files and directories present
2026-01-19 15:22:20 - app.questions - INFO - [questions.py:52] - Loaded 100 active questions into memory.
2026-01-19 15:22:20 - app.startup_checks - INFO - [startup_checks.py:121] - Database schema check passed
2026-01-19 15:22:20 - app.startup_checks - INFO - [startup_checks.py:316] - ✓ database_schema: All required tables present
2026-01-19 15:22:20 - app.startup_checks - INFO - [startup_checks.py:341] - Integrity checks complete: 3 passed, 0 warnings, 0 failed
2026-01-19 15:22:20 - __main__ - INFO - [main.py:485] - Startup Integrity Check Results:
========================================
✓ config_integrity: Configuration is valid
✓ required_files: All required files and directories present
✓ database_schema: All required tables present
========================================
2026-01-19 15:22:20 - __main__ - INFO - [main.py:515] - Preloading questions into memory...
2026-01-19 15:22:20 - app.questions - INFO - [questions.py:52] - Loaded 100 active questions into memory.
2026-01-19 15:24:01 - app.services.exam_service - INFO - [exam_service.py:55] - Exam session started for user: rohan1
2026-01-19 15:24:02 - app.ml.clustering - INFO - [clustering.py:617] - Model loaded from B:\Open_Source\soul_sence_Exam\SOUL_SENSE_EXAM\app\ml\models\clustering\emotional_profile_model.pkl
2026-01-19 15:24:05 - app.error_handler - ERROR - [error_handler.py:134] - [HIGH] tkinter.callback: AttributeError - 'UserProfileView' object has no attribute 'styles'
Traceback (most recent call last):
  File "C:\Python314\Lib\tkinter\__init__.py", line 2088, in __call__
    return self.func(*args)
           ~~~~~~~~~^^^^^^^
  File "B:\Open_Source\soul_sence_Exam\SOUL_SENSE_EXAM\app\ui\sidebar.py", line 70, in <lambda>
    widget.bind("<Button-1>", lambda e: self.select_item("profile"))
                                        ~~~~~~~~~~~~~~~~^^^^^^^^^^^
  File "B:\Open_Source\soul_sence_Exam\SOUL_SENSE_EXAM\app\ui\sidebar.py", line 221, in select_item
    self.on_change(item_id)
    ~~~~~~~~~~~~~~^^^^^^^^^
  File "B:\Open_Source\soul_sence_Exam\SOUL_SENSE_EXAM\app\main.py", line 259, in switch_view
    self.show_profile()
    ~~~~~~~~~~~~~~~~~^^
  File "B:\Open_Source\soul_sence_Exam\SOUL_SENSE_EXAM\app\main.py", line 426, in show_profile
    UserProfileView(self.content_area, self)
    ~~~~~~~~~~~~~~~^^^^^^^^^^^^^^^^^^^^^^^^^
  File "B:\Open_Source\soul_sence_Exam\SOUL_SENSE_EXAM\app\ui\profile.py", line 65, in __init__
    font=self.styles.get_font("xl", "bold"),
         ^^^^^^^^^^^
AttributeError: 'UserProfileView' object has no attribute 'styles'
2026-01-19 15:24:05 - root - ERROR - [main.py:455] - Interface Error: An unexpected error occurred. Please try again. - 'UserProfileView' object has no attribute 'styles'
2026-01-19 15:24:08 - app.error_handler - ERROR - [error_handler.py:134] - [HIGH] tkinter.callback: AttributeError - 'UserProfileView' object has no attribute 'view_container'
Traceback (most recent call last):
  File "C:\Python314\Lib\tkinter\__init__.py", line 2088, in __call__
    return self.func(*args)
           ~~~~~~~~~^^^^^^^
  File "B:\Open_Source\soul_sence_Exam\SOUL_SENSE_EXAM\app\ui\sidebar.py", line 191, in <lambda>
    widget.bind("<Button-1>", lambda e, i=item_id: self.select_item(i))
                                                   ~~~~~~~~~~~~~~~~^^^
  File "B:\Open_Source\soul_sence_Exam\SOUL_SENSE_EXAM\app\ui\sidebar.py", line 221, in select_item
    self.on_change(item_id)
    ~~~~~~~~~~~~~~^^^^^^^^^
  File "B:\Open_Source\soul_sence_Exam\SOUL_SENSE_EXAM\app\ui\profile.py", line 148, in on_nav_change
    for widget in self.view_container.winfo_children():
                  ^^^^^^^^^^^^^^^^^^^
AttributeError: 'UserProfileView' object has no attribute 'view_container'. Did you mean: 'main_container'?
2026-01-19 15:24:08 - root - ERROR - [main.py:455] - Interface Error: An unexpected error occurred. Please try again. - 'UserProfileView' object has no attribute 'view_container'
2026-01-19 15:24:10 - app.error_handler - ERROR - [error_handler.py:134] - [HIGH] tkinter.callback: AttributeError - 'UserProfileView' object has no attribute 'view_container'
Traceback (most recent call last):
  File "C:\Python314\Lib\tkinter\__init__.py", line 2088, in __call__
    return self.func(*args)
           ~~~~~~~~~^^^^^^^
  File "B:\Open_Source\soul_sence_Exam\SOUL_SENSE_EXAM\app\ui\sidebar.py", line 191, in <lambda>
    widget.bind("<Button-1>", lambda e, i=item_id: self.select_item(i))
                                                   ~~~~~~~~~~~~~~~~^^^
  File "B:\Open_Source\soul_sence_Exam\SOUL_SENSE_EXAM\app\ui\sidebar.py", line 221, in select_item
    self.on_change(item_id)
    ~~~~~~~~~~~~~~^^^^^^^^^
  File "B:\Open_Source\soul_sence_Exam\SOUL_SENSE_EXAM\app\ui\profile.py", line 148, in on_nav_change
    for widget in self.view_container.winfo_children():
                  ^^^^^^^^^^^^^^^^^^^
AttributeError: 'UserProfileView' object has no attribute 'view_container'. Did you mean: 'main_container'?
2026-01-19 15:24:10 - root - ERROR - [main.py:455] - Interface Error: An unexpected error occurred. Please try again. - 'UserProfileView' object has no attribute 'view_container'
2026-01-19 15:24:15 - __main__ - INFO - [main.py:430] - Initiating graceful application shutdown...
2026-01-19 15:24:15 - __main__ - INFO - [main.py:439] - Database session committed and closed successfully
2026-01-19 15:24:15 - __main__ - INFO - [main.py:444] - Application shutdown complete
2026-01-19 15:24:15 - __main__ - INFO - [main.py:430] - Initiating graceful application shutdown...
2026-01-19 15:24:15 - __main__ - INFO - [main.py:439] - Database session committed and closed successfully
2026-01-19 15:24:15 - __main__ - INFO - [main.py:444] - Application shutdown complete
2026-01-19 15:26:55 - root - INFO - [logger.py:85] - Logging initialized.
2026-01-19 15:26:56 - app.startup_checks - INFO - [startup_checks.py:298] - Running startup integrity checks...
2026-01-19 15:26:56 - app.startup_checks - INFO - [startup_checks.py:268] - Config integrity check passed
2026-01-19 15:26:56 - app.startup_checks - INFO - [startup_checks.py:316] - ✓ config_integrity: Configuration is valid
2026-01-19 15:26:56 - app.startup_checks - INFO - [startup_checks.py:195] - Required files check passed
2026-01-19 15:26:56 - app.startup_checks - INFO - [startup_checks.py:316] - ✓ required_files: All required files and directories present
2026-01-19 15:26:56 - app.questions - INFO - [questions.py:52] - Loaded 100 active questions into memory.
2026-01-19 15:26:56 - app.startup_checks - INFO - [startup_checks.py:121] - Database schema check passed
2026-01-19 15:26:56 - app.startup_checks - INFO - [startup_checks.py:316] - ✓ database_schema: All required tables present
2026-01-19 15:26:56 - app.startup_checks - INFO - [startup_checks.py:341] - Integrity checks complete: 3 passed, 0 warnings, 0 failed
2026-01-19 15:26:56 - __main__ - INFO - [main.py:485] - Startup Integrity Check Results:
========================================
✓ config_integrity: Configuration is valid
✓ required_files: All required files and directories present
✓ database_schema: All required tables present
========================================
2026-01-19 15:26:56 - __main__ - INFO - [main.py:515] - Preloading questions into memory...
2026-01-19 15:26:56 - app.questions - INFO - [questions.py:52] - Loaded 100 active questions into memory.
2026-01-19 15:27:13 - __main__ - INFO - [main.py:543] - Received signal 2, initiating shutdown
2026-01-19 15:27:13 - __main__ - INFO - [main.py:430] - Initiating graceful application shutdown...
2026-01-19 15:27:13 - __main__ - INFO - [main.py:439] - Database session committed and closed successfully
2026-01-19 15:27:13 - __main__ - INFO - [main.py:444] - Application shutdown complete
2026-01-19 15:27:14 - __main__ - INFO - [main.py:430] - Initiating graceful application shutdown...
2026-01-19 15:27:14 - __main__ - INFO - [main.py:439] - Database session committed and closed successfully
2026-01-19 15:27:14 - __main__ - INFO - [main.py:444] - Application shutdown complete
2026-01-19 16:08:16 - root - INFO - [logger.py:85] - Logging initialized.
2026-01-19 16:08:16 - app.startup_checks - INFO - [startup_checks.py:298] - Running startup integrity checks...
2026-01-19 16:08:16 - app.startup_checks - INFO - [startup_checks.py:268] - Config integrity check passed
2026-01-19 16:08:16 - app.startup_checks - INFO - [startup_checks.py:316] - ✓ config_integrity: Configuration is valid
2026-01-19 16:08:16 - app.startup_checks - INFO - [startup_checks.py:195] - Required files check passed
2026-01-19 16:08:16 - app.startup_checks - INFO - [startup_checks.py:316] - ✓ required_files: All required files and directories present
2026-01-19 16:08:16 - app.questions - INFO - [questions.py:52] - Loaded 100 active questions into memory.
2026-01-19 16:08:16 - app.startup_checks - INFO - [startup_checks.py:121] - Database schema check passed
2026-01-19 16:08:16 - app.startup_checks - INFO - [startup_checks.py:316] - ✓ database_schema: All required tables present
2026-01-19 16:08:16 - app.startup_checks - INFO - [startup_checks.py:341] - Integrity checks complete: 3 passed, 0 warnings, 0 failed
2026-01-19 16:08:16 - __main__ - INFO - [main.py:485] - Startup Integrity Check Results:
========================================
✓ config_integrity: Configuration is valid
✓ required_files: All required files and directories present
✓ database_schema: All required tables present
========================================
2026-01-19 16:08:16 - __main__ - INFO - [main.py:515] - Preloading questions into memory...
2026-01-19 16:08:16 - app.questions - INFO - [questions.py:52] - Loaded 100 active questions into memory.
2026-01-19 16:08:47 - app.error_handler - ERROR - [error_handler.py:134] - [HIGH] tkinter.callback: AttributeError - 'UserProfileView' object has no attribute 'styles'
Traceback (most recent call last):
  File "C:\Python314\Lib\tkinter\__init__.py", line 2088, in __call__
    return self.func(*args)
           ~~~~~~~~~^^^^^^^
  File "B:\Open_Source\soul_sence_Exam\SOUL_SENSE_EXAM\app\ui\sidebar.py", line 70, in <lambda>
    widget.bind("<Button-1>", lambda e: self.select_item("profile"))
                                        ~~~~~~~~~~~~~~~~^^^^^^^^^^^
  File "B:\Open_Source\soul_sence_Exam\SOUL_SENSE_EXAM\app\ui\sidebar.py", line 221, in select_item
    self.on_change(item_id)
    ~~~~~~~~~~~~~~^^^^^^^^^
  File "B:\Open_Source\soul_sence_Exam\SOUL_SENSE_EXAM\app\main.py", line 259, in switch_view
    self.show_profile()
    ~~~~~~~~~~~~~~~~~^^
  File "B:\Open_Source\soul_sence_Exam\SOUL_SENSE_EXAM\app\main.py", line 426, in show_profile
    UserProfileView(self.content_area, self)
    ~~~~~~~~~~~~~~~^^^^^^^^^^^^^^^^^^^^^^^^^
  File "B:\Open_Source\soul_sence_Exam\SOUL_SENSE_EXAM\app\ui\profile.py", line 65, in __init__
    font=self.styles.get_font("xl", "bold"),
         ^^^^^^^^^^^
AttributeError: 'UserProfileView' object has no attribute 'styles'
2026-01-19 16:08:47 - root - ERROR - [main.py:455] - Interface Error: An unexpected error occurred. Please try again. - 'UserProfileView' object has no attribute 'styles'
2026-01-19 16:09:51 - root - INFO - [logger.py:85] - Logging initialized.
2026-01-19 16:09:51 - app.startup_checks - INFO - [startup_checks.py:298] - Running startup integrity checks...
2026-01-19 16:09:51 - app.startup_checks - INFO - [startup_checks.py:268] - Config integrity check passed
2026-01-19 16:09:51 - app.startup_checks - INFO - [startup_checks.py:316] - ✓ config_integrity: Configuration is valid
2026-01-19 16:09:51 - app.startup_checks - INFO - [startup_checks.py:195] - Required files check passed
2026-01-19 16:09:51 - app.questions - INFO - [questions.py:52] - Loaded 100 active questions into memory.
2026-01-19 16:09:51 - app.startup_checks - INFO - [startup_checks.py:316] - ✓ required_files: All required files and directories present
2026-01-19 16:09:51 - app.startup_checks - INFO - [startup_checks.py:121] - Database schema check passed
2026-01-19 16:09:51 - app.startup_checks - INFO - [startup_checks.py:316] - ✓ database_schema: All required tables present
2026-01-19 16:09:51 - app.startup_checks - INFO - [startup_checks.py:341] - Integrity checks complete: 3 passed, 0 warnings, 0 failed
2026-01-19 16:09:51 - __main__ - INFO - [main.py:485] - Startup Integrity Check Results:
========================================
✓ config_integrity: Configuration is valid
✓ required_files: All required files and directories present
✓ database_schema: All required tables present
========================================
2026-01-19 16:09:51 - __main__ - INFO - [main.py:515] - Preloading questions into memory...
2026-01-19 16:09:51 - app.questions - INFO - [questions.py:52] - Loaded 100 active questions into memory.
2026-01-19 16:09:56 - __main__ - INFO - [main.py:543] - Received signal 2, initiating shutdown
2026-01-19 16:09:56 - __main__ - INFO - [main.py:430] - Initiating graceful application shutdown...
2026-01-19 16:09:56 - __main__ - INFO - [main.py:439] - Database session committed and closed successfully
2026-01-19 16:09:56 - __main__ - INFO - [main.py:444] - Application shutdown complete
2026-01-19 16:09:56 - __main__ - INFO - [main.py:430] - Initiating graceful application shutdown...
2026-01-19 16:09:56 - __main__ - INFO - [main.py:439] - Database session committed and closed successfully
2026-01-19 16:09:56 - __main__ - INFO - [main.py:444] - Application shutdown complete
2026-01-19 16:13:13 - __main__ - INFO - [main.py:430] - Initiating graceful application shutdown...
2026-01-19 16:13:13 - __main__ - INFO - [main.py:439] - Database session committed and closed successfully
2026-01-19 16:13:13 - __main__ - INFO - [main.py:444] - Application shutdown complete
2026-01-19 16:13:13 - __main__ - INFO - [main.py:430] - Initiating graceful application shutdown...
2026-01-19 16:13:13 - __main__ - INFO - [main.py:439] - Database session committed and closed successfully
2026-01-19 16:13:13 - __main__ - INFO - [main.py:444] - Application shutdown complete
2026-01-19 16:13:42 - root - INFO - [logger.py:85] - Logging initialized.
2026-01-19 16:13:42 - app.startup_checks - INFO - [startup_checks.py:298] - Running startup integrity checks...
2026-01-19 16:13:42 - app.startup_checks - INFO - [startup_checks.py:268] - Config integrity check passed
2026-01-19 16:13:42 - app.startup_checks - INFO - [startup_checks.py:316] - ✓ config_integrity: Configuration is valid
2026-01-19 16:13:42 - app.startup_checks - INFO - [startup_checks.py:195] - Required files check passed
2026-01-19 16:13:42 - app.startup_checks - INFO - [startup_checks.py:316] - ✓ required_files: All required files and directories present
2026-01-19 16:13:42 - app.startup_checks - INFO - [startup_checks.py:121] - Database schema check passed
2026-01-19 16:13:42 - app.startup_checks - INFO - [startup_checks.py:316] - ✓ database_schema: All required tables present
2026-01-19 16:13:42 - app.questions - INFO - [questions.py:52] - Loaded 100 active questions into memory.
2026-01-19 16:13:42 - app.startup_checks - INFO - [startup_checks.py:341] - Integrity checks complete: 3 passed, 0 warnings, 0 failed
2026-01-19 16:13:42 - __main__ - INFO - [main.py:485] - Startup Integrity Check Results:
========================================
✓ config_integrity: Configuration is valid
✓ required_files: All required files and directories present
✓ database_schema: All required tables present
========================================
2026-01-19 16:13:42 - __main__ - INFO - [main.py:515] - Preloading questions into memory...
2026-01-19 16:13:42 - app.questions - INFO - [questions.py:52] - Loaded 100 active questions into memory.
2026-01-19 16:14:19 - app.error_handler - ERROR - [error_handler.py:134] - [HIGH] tkinter.callback: AttributeError - 'UserProfileView' object has no attribute '_render_export_view'
Traceback (most recent call last):
  File "C:\Python314\Lib\tkinter\__init__.py", line 2088, in __call__
    return self.func(*args)
           ~~~~~~~~~^^^^^^^
  File "B:\Open_Source\soul_sence_Exam\SOUL_SENSE_EXAM\app\ui\sidebar.py", line 191, in <lambda>
    widget.bind("<Button-1>", lambda e, i=item_id: self.select_item(i))
                                                   ~~~~~~~~~~~~~~~~^^^
  File "B:\Open_Source\soul_sence_Exam\SOUL_SENSE_EXAM\app\ui\sidebar.py", line 221, in select_item
    self.on_change(item_id)
    ~~~~~~~~~~~~~~^^^^^^^^^
  File "B:\Open_Source\soul_sence_Exam\SOUL_SENSE_EXAM\app\ui\profile.py", line 173, in on_nav_change
    self._render_export_view()
    ^^^^^^^^^^^^^^^^^^^^^^^^
AttributeError: 'UserProfileView' object has no attribute '_render_export_view'. Did you mean: '_render_history_view'?
2026-01-19 16:14:19 - root - ERROR - [main.py:455] - Interface Error: An unexpected error occurred. Please try again. - 'UserProfileView' object has no attribute '_render_export_view'
2026-01-19 16:14:37 - __main__ - INFO - [main.py:430] - Initiating graceful application shutdown...
2026-01-19 16:14:37 - __main__ - INFO - [main.py:439] - Database session committed and closed successfully
2026-01-19 16:14:37 - __main__ - INFO - [main.py:444] - Application shutdown complete
2026-01-19 16:14:38 - __main__ - INFO - [main.py:430] - Initiating graceful application shutdown...
2026-01-19 16:14:38 - __main__ - INFO - [main.py:439] - Database session committed and closed successfully
2026-01-19 16:14:38 - __main__ - INFO - [main.py:444] - Application shutdown complete
2026-01-19 16:29:00 - root - INFO - [logger.py:85] - Logging initialized.
2026-01-19 16:29:00 - app.startup_checks - INFO - [startup_checks.py:298] - Running startup integrity checks...
2026-01-19 16:29:00 - app.startup_checks - INFO - [startup_checks.py:268] - Config integrity check passed
2026-01-19 16:29:00 - app.startup_checks - INFO - [startup_checks.py:316] - ✓ config_integrity: Configuration is valid
2026-01-19 16:29:00 - app.startup_checks - INFO - [startup_checks.py:195] - Required files check passed
2026-01-19 16:29:00 - app.startup_checks - INFO - [startup_checks.py:316] - ✓ required_files: All required files and directories present
2026-01-19 16:29:00 - app.questions - INFO - [questions.py:52] - Loaded 100 active questions into memory.
2026-01-19 16:29:00 - app.startup_checks - INFO - [startup_checks.py:121] - Database schema check passed
2026-01-19 16:29:00 - app.startup_checks - INFO - [startup_checks.py:316] - ✓ database_schema: All required tables present
2026-01-19 16:29:00 - app.startup_checks - INFO - [startup_checks.py:341] - Integrity checks complete: 3 passed, 0 warnings, 0 failed
2026-01-19 16:29:00 - __main__ - INFO - [main.py:485] - Startup Integrity Check Results:
========================================
✓ config_integrity: Configuration is valid
✓ required_files: All required files and directories present
✓ database_schema: All required tables present
========================================
2026-01-19 16:29:00 - __main__ - INFO - [main.py:515] - Preloading questions into memory...
2026-01-19 16:29:00 - app.questions - INFO - [questions.py:52] - Loaded 100 active questions into memory.
2026-01-19 16:30:24 - __main__ - INFO - [main.py:430] - Initiating graceful application shutdown...
2026-01-19 16:30:25 - __main__ - INFO - [main.py:439] - Database session committed and closed successfully
2026-01-19 16:30:25 - __main__ - INFO - [main.py:444] - Application shutdown complete
2026-01-19 16:30:25 - __main__ - INFO - [main.py:430] - Initiating graceful application shutdown...
2026-01-19 16:30:25 - __main__ - INFO - [main.py:439] - Database session committed and closed successfully
2026-01-19 16:30:25 - __main__ - INFO - [main.py:444] - Application shutdown complete
2026-01-19 16:46:54 - root - INFO - [logger.py:85] - Logging initialized.
2026-01-19 16:46:54 - app.startup_checks - INFO - [startup_checks.py:298] - Running startup integrity checks...
2026-01-19 16:46:54 - app.startup_checks - INFO - [startup_checks.py:268] - Config integrity check passed
2026-01-19 16:46:54 - app.startup_checks - INFO - [startup_checks.py:316] - ✓ config_integrity: Configuration is valid
2026-01-19 16:46:54 - app.startup_checks - INFO - [startup_checks.py:195] - Required files check passed
2026-01-19 16:46:54 - app.startup_checks - INFO - [startup_checks.py:316] - ✓ required_files: All required files and directories present
2026-01-19 16:46:54 - app.questions - INFO - [questions.py:52] - Loaded 100 active questions into memory.
2026-01-19 16:46:54 - app.startup_checks - INFO - [startup_checks.py:121] - Database schema check passed
2026-01-19 16:46:54 - app.startup_checks - INFO - [startup_checks.py:316] - ✓ database_schema: All required tables present
2026-01-19 16:46:54 - app.startup_checks - INFO - [startup_checks.py:341] - Integrity checks complete: 3 passed, 0 warnings, 0 failed
2026-01-19 16:46:54 - __main__ - INFO - [main.py:485] - Startup Integrity Check Results:
========================================
✓ config_integrity: Configuration is valid
✓ required_files: All required files and directories present
✓ database_schema: All required tables present
========================================
2026-01-19 16:46:54 - __main__ - INFO - [main.py:515] - Preloading questions into memory...
2026-01-19 16:46:54 - app.questions - INFO - [questions.py:52] - Loaded 100 active questions into memory.
2026-01-19 16:47:29 - app.services.exam_service - INFO - [exam_service.py:55] - Exam session started for user: rohan1
2026-01-19 16:47:31 - app.ml.clustering - INFO - [clustering.py:617] - Model loaded from B:\Open_Source\soul_sence_Exam\SOUL_SENSE_EXAM\app\ml\models\clustering\emotional_profile_model.pkl
2026-01-19 16:47:33 - app.ml.clustering - INFO - [clustering.py:617] - Model loaded from B:\Open_Source\soul_sence_Exam\SOUL_SENSE_EXAM\app\ml\models\clustering\emotional_profile_model.pkl
2026-01-19 16:47:48 - app.error_handler - ERROR - [error_handler.py:134] - [HIGH] tkinter.callback: AttributeError - 'UserProfileView' object has no attribute '_render_export_view'
Traceback (most recent call last):
  File "C:\Python314\Lib\tkinter\__init__.py", line 2088, in __call__
    return self.func(*args)
           ~~~~~~~~~^^^^^^^
  File "B:\Open_Source\soul_sence_Exam\SOUL_SENSE_EXAM\app\ui\sidebar.py", line 191, in <lambda>
    widget.bind("<Button-1>", lambda e, i=item_id: self.select_item(i))
                                                   ~~~~~~~~~~~~~~~~^^^
  File "B:\Open_Source\soul_sence_Exam\SOUL_SENSE_EXAM\app\ui\sidebar.py", line 221, in select_item
    self.on_change(item_id)
    ~~~~~~~~~~~~~~^^^^^^^^^
  File "B:\Open_Source\soul_sence_Exam\SOUL_SENSE_EXAM\app\ui\profile.py", line 173, in on_nav_change
    self._render_export_view()
    ^^^^^^^^^^^^^^^^^^^^^^^^
AttributeError: 'UserProfileView' object has no attribute '_render_export_view'. Did you mean: '_render_history_view'?
2026-01-19 16:47:48 - root - ERROR - [main.py:455] - Interface Error: An unexpected error occurred. Please try again. - 'UserProfileView' object has no attribute '_render_export_view'
2026-01-19 16:47:57 - __main__ - INFO - [main.py:430] - Initiating graceful application shutdown...
2026-01-19 16:47:57 - __main__ - INFO - [main.py:439] - Database session committed and closed successfully
2026-01-19 16:47:57 - __main__ - INFO - [main.py:444] - Application shutdown complete
2026-01-19 16:47:58 - __main__ - INFO - [main.py:430] - Initiating graceful application shutdown...
2026-01-19 16:47:58 - __main__ - INFO - [main.py:439] - Database session committed and closed successfully
2026-01-19 16:47:58 - __main__ - INFO - [main.py:444] - Application shutdown complete
2026-01-19 17:17:18 - root - INFO - [logger.py:85] - Logging initialized.
2026-01-19 17:17:18 - app.startup_checks - INFO - [startup_checks.py:298] - Running startup integrity checks...
2026-01-19 17:17:18 - app.startup_checks - INFO - [startup_checks.py:268] - Config integrity check passed
2026-01-19 17:17:18 - app.startup_checks - INFO - [startup_checks.py:316] - ✓ config_integrity: Configuration is valid
2026-01-19 17:17:18 - app.startup_checks - INFO - [startup_checks.py:195] - Required files check passed
2026-01-19 17:17:18 - app.startup_checks - INFO - [startup_checks.py:316] - ✓ required_files: All required files and directories present
2026-01-19 17:17:18 - app.startup_checks - INFO - [startup_checks.py:121] - Database schema check passed
2026-01-19 17:17:18 - app.startup_checks - INFO - [startup_checks.py:316] - ✓ database_schema: All required tables present
2026-01-19 17:17:18 - app.startup_checks - INFO - [startup_checks.py:341] - Integrity checks complete: 3 passed, 0 warnings, 0 failed
2026-01-19 17:17:18 - __main__ - INFO - [main.py:485] - Startup Integrity Check Results:
========================================
✓ config_integrity: Configuration is valid
✓ required_files: All required files and directories present
✓ database_schema: All required tables present
========================================
2026-01-19 17:17:18 - __main__ - INFO - [main.py:515] - Preloading questions into memory...
2026-01-19 17:17:18 - app.questions - INFO - [questions.py:52] - Loaded 100 active questions into memory.
2026-01-19 17:17:30 - app.services.exam_service - INFO - [exam_service.py:55] - Exam session started for user: rohan1
2026-01-19 17:17:31 - app.ml.clustering - INFO - [clustering.py:617] - Model loaded from B:\Open_Source\soul_sence_Exam\SOUL_SENSE_EXAM\app\ml\models\clustering\emotional_profile_model.pkl
2026-01-19 17:19:30 - app.services.exam_service - INFO - [exam_service.py:55] - Exam session started for user: rohan1
2026-01-19 17:19:42 - app.services.exam_service - INFO - [exam_service.py:220] - Exam saved. Score: 15, Sentiment: -54.230000000000004, UserID: 1
2026-01-19 17:20:19 - app.ml.clustering - INFO - [clustering.py:617] - Model loaded from B:\Open_Source\soul_sence_Exam\SOUL_SENSE_EXAM\app\ml\models\clustering\emotional_profile_model.pkl
2026-01-19 17:20:24 - __main__ - INFO - [main.py:430] - Initiating graceful application shutdown...
2026-01-19 17:20:24 - __main__ - INFO - [main.py:439] - Database session committed and closed successfully
2026-01-19 17:20:24 - __main__ - INFO - [main.py:444] - Application shutdown complete
2026-01-19 17:20:24 - __main__ - INFO - [main.py:430] - Initiating graceful application shutdown...
2026-01-19 17:20:24 - __main__ - INFO - [main.py:439] - Database session committed and closed successfully
2026-01-19 17:20:24 - __main__ - INFO - [main.py:444] - Application shutdown complete
2026-01-19 19:11:51 - root - INFO - [logger.py:85] - Logging initialized.
2026-01-19 19:11:51 - app.startup_checks - INFO - [startup_checks.py:302] - Running startup integrity checks...
2026-01-19 19:11:51 - app.startup_checks - INFO - [startup_checks.py:272] - Config integrity check passed
2026-01-19 19:11:51 - app.startup_checks - INFO - [startup_checks.py:320] - ✓ config_integrity: Configuration is valid
2026-01-19 19:11:51 - app.startup_checks - INFO - [startup_checks.py:195] - Required files check passed
2026-01-19 19:11:51 - app.startup_checks - INFO - [startup_checks.py:320] - ✓ required_files: All required files and directories present
2026-01-19 19:11:51 - app.questions - INFO - [questions.py:52] - Loaded 100 active questions into memory.
2026-01-19 19:11:51 - app.startup_checks - INFO - [startup_checks.py:121] - Database schema check passed
2026-01-19 19:11:51 - app.startup_checks - INFO - [startup_checks.py:320] - ✓ database_schema: All required tables present
2026-01-19 19:11:51 - app.startup_checks - INFO - [startup_checks.py:345] - Integrity checks complete: 3 passed, 0 warnings, 0 failed
2026-01-19 19:11:51 - __main__ - INFO - [main.py:485] - Startup Integrity Check Results:
========================================
✓ config_integrity: Configuration is valid
✓ required_files: All required files and directories present
✓ database_schema: All required tables present
========================================
2026-01-19 19:11:51 - __main__ - INFO - [main.py:515] - Preloading questions into memory...
2026-01-19 19:11:51 - app.questions - INFO - [questions.py:52] - Loaded 100 active questions into memory.
2026-01-19 19:12:07 - app.services.exam_service - INFO - [exam_service.py:55] - Exam session started for user: rohan1
2026-01-19 19:12:09 - app.ml.clustering - INFO - [clustering.py:617] - Model loaded from B:\Open_Source\soul_sence_Exam\SOUL_SENSE_EXAM\app\ml\models\clustering\emotional_profile_model.pkl
2026-01-19 19:12:11 - app.ml.clustering - INFO - [clustering.py:617] - Model loaded from B:\Open_Source\soul_sence_Exam\SOUL_SENSE_EXAM\app\ml\models\clustering\emotional_profile_model.pkl
2026-01-19 19:12:26 - __main__ - INFO - [main.py:430] - Initiating graceful application shutdown...
2026-01-19 19:12:26 - __main__ - INFO - [main.py:439] - Database session committed and closed successfully
2026-01-19 19:12:26 - __main__ - INFO - [main.py:444] - Application shutdown complete
2026-01-19 19:12:26 - __main__ - INFO - [main.py:430] - Initiating graceful application shutdown...
2026-01-19 19:12:26 - __main__ - INFO - [main.py:439] - Database session committed and closed successfully
2026-01-19 19:12:26 - __main__ - INFO - [main.py:444] - Application shutdown complete
2026-01-20 15:41:00 - root - INFO - [logger.py:85] - Logging initialized.
2026-01-20 15:41:00 - app.startup_checks - INFO - [startup_checks.py:302] - Running startup integrity checks...
2026-01-20 15:41:00 - app.startup_checks - INFO - [startup_checks.py:272] - Config integrity check passed
2026-01-20 15:41:00 - app.startup_checks - INFO - [startup_checks.py:320] - ✓ config_integrity: Configuration is valid
2026-01-20 15:41:00 - app.startup_checks - INFO - [startup_checks.py:195] - Required files check passed
2026-01-20 15:41:00 - app.startup_checks - INFO - [startup_checks.py:320] - ✓ required_files: All required files and directories present
2026-01-20 15:41:00 - app.startup_checks - INFO - [startup_checks.py:121] - Database schema check passed
2026-01-20 15:41:00 - app.startup_checks - INFO - [startup_checks.py:320] - ✓ database_schema: All required tables present
2026-01-20 15:41:00 - app.startup_checks - INFO - [startup_checks.py:345] - Integrity checks complete: 3 passed, 0 warnings, 0 failed
2026-01-20 15:41:00 - __main__ - INFO - [main.py:485] - Startup Integrity Check Results:
========================================
✓ config_integrity: Configuration is valid
✓ required_files: All required files and directories present
✓ database_schema: All required tables present
========================================
2026-01-20 15:41:00 - __main__ - INFO - [main.py:515] - Preloading questions into memory...
2026-01-20 15:41:00 - app.questions - INFO - [questions.py:52] - Loaded 100 active questions into memory.
2026-01-20 15:41:17 - app.services.exam_service - INFO - [exam_service.py:55] - Exam session started for user: rohan1
2026-01-20 15:41:19 - app.ml.clustering - INFO - [clustering.py:617] - Model loaded from B:\Open_Source\soul_sence_Exam\SOUL_SENSE_EXAM\app\ml\models\clustering\emotional_profile_model.pkl
2026-01-20 15:42:09 - app.ml.clustering - INFO - [clustering.py:617] - Model loaded from B:\Open_Source\soul_sence_Exam\SOUL_SENSE_EXAM\app\ml\models\clustering\emotional_profile_model.pkl
2026-01-20 15:42:10 - app.services.exam_service - INFO - [exam_service.py:55] - Exam session started for user: rohan1
2026-01-20 15:42:11 - app.services.exam_service - INFO - [exam_service.py:55] - Exam session started for user: rohan1
2026-01-20 15:42:24 - app.services.exam_service - INFO - [exam_service.py:220] - Exam saved. Score: 15, Sentiment: 44.04, UserID: 1
2026-01-20 15:42:43 - app.ml.clustering - INFO - [clustering.py:617] - Model loaded from B:\Open_Source\soul_sence_Exam\SOUL_SENSE_EXAM\app\ml\models\clustering\emotional_profile_model.pkl
2026-01-20 15:42:45 - app.ml.clustering - INFO - [clustering.py:617] - Model loaded from B:\Open_Source\soul_sence_Exam\SOUL_SENSE_EXAM\app\ml\models\clustering\emotional_profile_model.pkl
2026-01-20 15:43:13 - app.error_handler - ERROR - [error_handler.py:134] - [HIGH] tkinter.callback: NameError - name 'show_loading' is not defined
Traceback (most recent call last):
  File "C:\Python314\Lib\tkinter\__init__.py", line 2088, in __call__
    return self.func(*args)
           ~~~~~~~~~^^^^^^^
  File "B:\Open_Source\soul_sence_Exam\SOUL_SENSE_EXAM\app\ui\journal.py", line 315, in save_and_analyze
    overlay = show_loading(self.root, "Analyzing Emotions...")
              ^^^^^^^^^^^^
NameError: name 'show_loading' is not defined
2026-01-20 15:43:13 - root - ERROR - [main.py:455] - Interface Error: An unexpected error occurred. Please try again. - name 'show_loading' is not defined
2026-01-20 15:43:23 - app.error_handler - ERROR - [error_handler.py:134] - [HIGH] tkinter.callback: NameError - name 'show_loading' is not defined
Traceback (most recent call last):
  File "C:\Python314\Lib\tkinter\__init__.py", line 2088, in __call__
    return self.func(*args)
           ~~~~~~~~~^^^^^^^
  File "B:\Open_Source\soul_sence_Exam\SOUL_SENSE_EXAM\app\ui\journal.py", line 315, in save_and_analyze
    overlay = show_loading(self.root, "Analyzing Emotions...")
              ^^^^^^^^^^^^
NameError: name 'show_loading' is not defined
2026-01-20 15:43:23 - root - ERROR - [main.py:455] - Interface Error: An unexpected error occurred. Please try again. - name 'show_loading' is not defined
2026-01-20 15:48:00 - __main__ - INFO - [main.py:430] - Initiating graceful application shutdown...
2026-01-20 15:48:00 - __main__ - INFO - [main.py:439] - Database session committed and closed successfully
2026-01-20 15:48:00 - __main__ - INFO - [main.py:444] - Application shutdown complete
2026-01-20 15:48:01 - __main__ - INFO - [main.py:430] - Initiating graceful application shutdown...
2026-01-20 15:48:01 - __main__ - INFO - [main.py:439] - Database session committed and closed successfully
2026-01-20 15:48:01 - __main__ - INFO - [main.py:444] - Application shutdown complete
2026-01-20 15:48:20 - root - INFO - [logger.py:85] - Logging initialized.
2026-01-20 15:48:20 - app.startup_checks - INFO - [startup_checks.py:302] - Running startup integrity checks...
2026-01-20 15:48:20 - app.startup_checks - INFO - [startup_checks.py:272] - Config integrity check passed
2026-01-20 15:48:20 - app.startup_checks - INFO - [startup_checks.py:320] - ✓ config_integrity: Configuration is valid
2026-01-20 15:48:20 - app.startup_checks - INFO - [startup_checks.py:195] - Required files check passed
2026-01-20 15:48:20 - app.startup_checks - INFO - [startup_checks.py:320] - ✓ required_files: All required files and directories present
2026-01-20 15:48:20 - app.startup_checks - INFO - [startup_checks.py:121] - Database schema check passed
2026-01-20 15:48:20 - app.questions - INFO - [questions.py:52] - Loaded 100 active questions into memory.
2026-01-20 15:48:20 - app.startup_checks - INFO - [startup_checks.py:320] - ✓ database_schema: All required tables present
2026-01-20 15:48:20 - app.startup_checks - INFO - [startup_checks.py:345] - Integrity checks complete: 3 passed, 0 warnings, 0 failed
2026-01-20 15:48:20 - __main__ - INFO - [main.py:485] - Startup Integrity Check Results:
========================================
✓ config_integrity: Configuration is valid
✓ required_files: All required files and directories present
✓ database_schema: All required tables present
========================================
2026-01-20 15:48:20 - __main__ - INFO - [main.py:515] - Preloading questions into memory...
2026-01-20 15:48:20 - app.questions - INFO - [questions.py:52] - Loaded 100 active questions into memory.
2026-01-20 15:48:48 - app.error_handler - ERROR - [error_handler.py:134] - [HIGH] tkinter.callback: AttributeError - 'JournalFeature' object has no attribute 'root'
Traceback (most recent call last):
  File "C:\Python314\Lib\tkinter\__init__.py", line 2088, in __call__
    return self.func(*args)
           ~~~~~~~~~^^^^^^^
  File "B:\Open_Source\soul_sence_Exam\SOUL_SENSE_EXAM\app\ui\journal.py", line 314, in save_and_analyze
    overlay = show_loading(self.root, "Analyzing Emotions...")
                           ^^^^^^^^^
AttributeError: 'JournalFeature' object has no attribute 'root'
2026-01-20 15:48:48 - root - ERROR - [main.py:455] - Interface Error: An unexpected error occurred. Please try again. - 'JournalFeature' object has no attribute 'root'
2026-01-20 15:51:10 - __main__ - INFO - [main.py:430] - Initiating graceful application shutdown...
2026-01-20 15:51:10 - __main__ - INFO - [main.py:439] - Database session committed and closed successfully
2026-01-20 15:51:10 - __main__ - INFO - [main.py:444] - Application shutdown complete
2026-01-20 15:51:10 - __main__ - INFO - [main.py:430] - Initiating graceful application shutdown...
2026-01-20 15:51:10 - __main__ - INFO - [main.py:439] - Database session committed and closed successfully
2026-01-20 15:51:10 - __main__ - INFO - [main.py:444] - Application shutdown complete
2026-01-20 15:51:20 - root - INFO - [logger.py:85] - Logging initialized.
2026-01-20 15:51:20 - app.startup_checks - INFO - [startup_checks.py:302] - Running startup integrity checks...
2026-01-20 15:51:20 - app.startup_checks - INFO - [startup_checks.py:272] - Config integrity check passed
2026-01-20 15:51:20 - app.startup_checks - INFO - [startup_checks.py:320] - ✓ config_integrity: Configuration is valid
2026-01-20 15:51:20 - app.startup_checks - INFO - [startup_checks.py:195] - Required files check passed
2026-01-20 15:51:20 - app.startup_checks - INFO - [startup_checks.py:320] - ✓ required_files: All required files and directories present
2026-01-20 15:51:20 - app.startup_checks - INFO - [startup_checks.py:121] - Database schema check passed
2026-01-20 15:51:20 - app.startup_checks - INFO - [startup_checks.py:320] - ✓ database_schema: All required tables present
2026-01-20 15:51:20 - app.startup_checks - INFO - [startup_checks.py:345] - Integrity checks complete: 3 passed, 0 warnings, 0 failed
2026-01-20 15:51:20 - __main__ - INFO - [main.py:485] - Startup Integrity Check Results:
========================================
✓ config_integrity: Configuration is valid
✓ required_files: All required files and directories present
✓ database_schema: All required tables present
========================================
2026-01-20 15:51:20 - __main__ - INFO - [main.py:515] - Preloading questions into memory...
2026-01-20 15:51:20 - app.questions - INFO - [questions.py:52] - Loaded 100 active questions into memory.
2026-01-20 15:51:47 - app.ml.clustering - INFO - [clustering.py:617] - Model loaded from B:\Open_Source\soul_sence_Exam\SOUL_SENSE_EXAM\app\ml\models\clustering\emotional_profile_model.pkl
2026-01-20 15:52:02 - root - ERROR - [journal.py:364] - Failed to save journal entry
Traceback (most recent call last):
  File "B:\Open_Source\soul_sence_Exam\SOUL_SENSE_EXAM\app\ui\journal.py", line 323, in save_and_analyze
    if self.analyzer:
       ^^^^^^^^^^^^^
AttributeError: 'JournalFeature' object has no attribute 'analyzer'
2026-01-20 15:57:08 - __main__ - INFO - [main.py:430] - Initiating graceful application shutdown...
2026-01-20 15:57:08 - __main__ - INFO - [main.py:439] - Database session committed and closed successfully
2026-01-20 15:57:08 - __main__ - INFO - [main.py:444] - Application shutdown complete
2026-01-20 15:57:09 - __main__ - INFO - [main.py:430] - Initiating graceful application shutdown...
2026-01-20 15:57:09 - __main__ - INFO - [main.py:439] - Database session committed and closed successfully
2026-01-20 15:57:09 - __main__ - INFO - [main.py:444] - Application shutdown complete
2026-01-20 15:57:19 - root - INFO - [logger.py:85] - Logging initialized.
2026-01-20 15:57:19 - app.startup_checks - INFO - [startup_checks.py:302] - Running startup integrity checks...
2026-01-20 15:57:19 - app.startup_checks - INFO - [startup_checks.py:272] - Config integrity check passed
2026-01-20 15:57:19 - app.startup_checks - INFO - [startup_checks.py:320] - ✓ config_integrity: Configuration is valid
2026-01-20 15:57:19 - app.startup_checks - INFO - [startup_checks.py:195] - Required files check passed
2026-01-20 15:57:19 - app.startup_checks - INFO - [startup_checks.py:320] - ✓ required_files: All required files and directories present
2026-01-20 15:57:19 - app.startup_checks - INFO - [startup_checks.py:121] - Database schema check passed
2026-01-20 15:57:19 - app.startup_checks - INFO - [startup_checks.py:320] - ✓ database_schema: All required tables present
2026-01-20 15:57:19 - app.startup_checks - INFO - [startup_checks.py:345] - Integrity checks complete: 3 passed, 0 warnings, 0 failed
2026-01-20 15:57:19 - __main__ - INFO - [main.py:485] - Startup Integrity Check Results:
========================================
✓ config_integrity: Configuration is valid
✓ required_files: All required files and directories present
✓ database_schema: All required tables present
========================================
2026-01-20 15:57:19 - __main__ - INFO - [main.py:515] - Preloading questions into memory...
2026-01-20 15:57:19 - app.questions - INFO - [questions.py:52] - Loaded 100 active questions into memory.
2026-01-20 15:57:32 - app.services.exam_service - INFO - [exam_service.py:55] - Exam session started for user: rohan1
2026-01-20 15:57:34 - app.ml.clustering - INFO - [clustering.py:617] - Model loaded from B:\Open_Source\soul_sence_Exam\SOUL_SENSE_EXAM\app\ml\models\clustering\emotional_profile_model.pkl
2026-01-20 15:58:01 - app.db - ERROR - [db.py:42] - Unexpected error in DB context: 'JournalFeature' object has no attribute '_app_mood_from_score'
Traceback (most recent call last):
  File "B:\Open_Source\soul_sence_Exam\SOUL_SENSE_EXAM\app\db.py", line 34, in safe_db_context
    yield session
  File "B:\Open_Source\soul_sence_Exam\SOUL_SENSE_EXAM\app\ui\journal.py", line 334, in save_and_analyze
    mood=self._app_mood_from_score(sentiment_score),
         ^^^^^^^^^^^^^^^^^^^^^^^^^
AttributeError: 'JournalFeature' object has no attribute '_app_mood_from_score'
2026-01-20 15:58:01 - root - ERROR - [journal.py:361] - Failed to save journal entry
Traceback (most recent call last):
  File "B:\Open_Source\soul_sence_Exam\SOUL_SENSE_EXAM\app\db.py", line 34, in safe_db_context
    yield session
  File "B:\Open_Source\soul_sence_Exam\SOUL_SENSE_EXAM\app\ui\journal.py", line 334, in save_and_analyze
    mood=self._app_mood_from_score(sentiment_score),
         ^^^^^^^^^^^^^^^^^^^^^^^^^
AttributeError: 'JournalFeature' object has no attribute '_app_mood_from_score'

During handling of the above exception, another exception occurred:

Traceback (most recent call last):
  File "B:\Open_Source\soul_sence_Exam\SOUL_SENSE_EXAM\app\ui\journal.py", line 329, in save_and_analyze
    with safe_db_context() as session:
         ~~~~~~~~~~~~~~~^^
  File "C:\Python314\Lib\contextlib.py", line 162, in __exit__
    self.gen.throw(value)
    ~~~~~~~~~~~~~~^^^^^^^
  File "B:\Open_Source\soul_sence_Exam\SOUL_SENSE_EXAM\app\db.py", line 43, in safe_db_context
    raise DatabaseError("An unexpected database error occurred.", original_exception=e)
app.exceptions.DatabaseError: [E1002] An unexpected database error occurred.
2026-01-20 15:59:46 - __main__ - INFO - [main.py:430] - Initiating graceful application shutdown...
2026-01-20 15:59:46 - __main__ - INFO - [main.py:439] - Database session committed and closed successfully
2026-01-20 15:59:46 - __main__ - INFO - [main.py:444] - Application shutdown complete
2026-01-20 15:59:46 - __main__ - INFO - [main.py:430] - Initiating graceful application shutdown...
2026-01-20 15:59:46 - __main__ - INFO - [main.py:439] - Database session committed and closed successfully
2026-01-20 15:59:46 - __main__ - INFO - [main.py:444] - Application shutdown complete
2026-01-20 16:04:50 - root - INFO - [logger.py:85] - Logging initialized.
2026-01-20 16:04:50 - app.startup_checks - INFO - [startup_checks.py:302] - Running startup integrity checks...
2026-01-20 16:04:50 - app.startup_checks - INFO - [startup_checks.py:272] - Config integrity check passed
2026-01-20 16:04:50 - app.startup_checks - INFO - [startup_checks.py:320] - ✓ config_integrity: Configuration is valid
2026-01-20 16:04:51 - app.startup_checks - INFO - [startup_checks.py:195] - Required files check passed
2026-01-20 16:04:51 - app.startup_checks - INFO - [startup_checks.py:320] - ✓ required_files: All required files and directories present
2026-01-20 16:04:51 - app.startup_checks - INFO - [startup_checks.py:121] - Database schema check passed
2026-01-20 16:04:51 - app.startup_checks - INFO - [startup_checks.py:320] - ✓ database_schema: All required tables present
2026-01-20 16:04:51 - app.questions - INFO - [questions.py:52] - Loaded 100 active questions into memory.
2026-01-20 16:04:51 - app.startup_checks - INFO - [startup_checks.py:345] - Integrity checks complete: 3 passed, 0 warnings, 0 failed
2026-01-20 16:04:51 - __main__ - INFO - [main.py:485] - Startup Integrity Check Results:
========================================
✓ config_integrity: Configuration is valid
✓ required_files: All required files and directories present
✓ database_schema: All required tables present
========================================
2026-01-20 16:04:51 - __main__ - INFO - [main.py:515] - Preloading questions into memory...
2026-01-20 16:04:51 - app.questions - INFO - [questions.py:52] - Loaded 100 active questions into memory.
2026-01-20 16:05:33 - app.db - ERROR - [db.py:42] - Unexpected error in DB context: 'str' object has no attribute 'keys'
Traceback (most recent call last):
  File "B:\Open_Source\soul_sence_Exam\SOUL_SENSE_EXAM\app\db.py", line 34, in safe_db_context
    yield session
  File "B:\Open_Source\soul_sence_Exam\SOUL_SENSE_EXAM\app\ui\journal.py", line 345, in save_and_analyze
    tags=','.join(emotional_patterns.keys())
                  ^^^^^^^^^^^^^^^^^^^^^^^
AttributeError: 'str' object has no attribute 'keys'
2026-01-20 16:05:33 - root - ERROR - [journal.py:370] - Failed to save journal entry
Traceback (most recent call last):
  File "B:\Open_Source\soul_sence_Exam\SOUL_SENSE_EXAM\app\db.py", line 34, in safe_db_context
    yield session
  File "B:\Open_Source\soul_sence_Exam\SOUL_SENSE_EXAM\app\ui\journal.py", line 345, in save_and_analyze
    tags=','.join(emotional_patterns.keys())
                  ^^^^^^^^^^^^^^^^^^^^^^^
AttributeError: 'str' object has no attribute 'keys'

During handling of the above exception, another exception occurred:

Traceback (most recent call last):
  File "B:\Open_Source\soul_sence_Exam\SOUL_SENSE_EXAM\app\ui\journal.py", line 338, in save_and_analyze
    with safe_db_context() as session:
         ~~~~~~~~~~~~~~~^^
  File "C:\Python314\Lib\contextlib.py", line 162, in __exit__
    self.gen.throw(value)
    ~~~~~~~~~~~~~~^^^^^^^
  File "B:\Open_Source\soul_sence_Exam\SOUL_SENSE_EXAM\app\db.py", line 43, in safe_db_context
    raise DatabaseError("An unexpected database error occurred.", original_exception=e)
app.exceptions.DatabaseError: [E1002] An unexpected database error occurred.
2026-01-20 16:08:28 - __main__ - INFO - [main.py:430] - Initiating graceful application shutdown...
2026-01-20 16:08:28 - __main__ - INFO - [main.py:439] - Database session committed and closed successfully
2026-01-20 16:08:28 - __main__ - INFO - [main.py:444] - Application shutdown complete
2026-01-20 16:08:29 - __main__ - INFO - [main.py:430] - Initiating graceful application shutdown...
2026-01-20 16:08:29 - __main__ - INFO - [main.py:439] - Database session committed and closed successfully
2026-01-20 16:08:29 - __main__ - INFO - [main.py:444] - Application shutdown complete
2026-01-20 16:08:47 - root - INFO - [logger.py:85] - Logging initialized.
2026-01-20 16:08:47 - app.startup_checks - INFO - [startup_checks.py:302] - Running startup integrity checks...
2026-01-20 16:08:47 - app.startup_checks - INFO - [startup_checks.py:272] - Config integrity check passed
2026-01-20 16:08:47 - app.startup_checks - INFO - [startup_checks.py:320] - ✓ config_integrity: Configuration is valid
2026-01-20 16:08:47 - app.startup_checks - INFO - [startup_checks.py:195] - Required files check passed
2026-01-20 16:08:47 - app.startup_checks - INFO - [startup_checks.py:320] - ✓ required_files: All required files and directories present
2026-01-20 16:08:47 - app.startup_checks - INFO - [startup_checks.py:121] - Database schema check passed
2026-01-20 16:08:47 - app.startup_checks - INFO - [startup_checks.py:320] - ✓ database_schema: All required tables present
2026-01-20 16:08:47 - app.startup_checks - INFO - [startup_checks.py:345] - Integrity checks complete: 3 passed, 0 warnings, 0 failed
2026-01-20 16:08:47 - __main__ - INFO - [main.py:485] - Startup Integrity Check Results:
========================================
✓ config_integrity: Configuration is valid
✓ required_files: All required files and directories present
✓ database_schema: All required tables present
========================================
2026-01-20 16:08:47 - __main__ - INFO - [main.py:515] - Preloading questions into memory...
2026-01-20 16:08:47 - app.questions - INFO - [questions.py:52] - Loaded 100 active questions into memory.
2026-01-20 16:09:35 - app.db - ERROR - [db.py:42] - Unexpected error in DB context: 'user_id' is an invalid keyword argument for JournalEntry
Traceback (most recent call last):
  File "B:\Open_Source\soul_sence_Exam\SOUL_SENSE_EXAM\app\db.py", line 34, in safe_db_context
    yield session
  File "B:\Open_Source\soul_sence_Exam\SOUL_SENSE_EXAM\app\ui\journal.py", line 339, in save_and_analyze
    entry = JournalEntry(
        user_id=self.app.user_id if hasattr(self.app, 'user_id') else 1, # Fallback
    ...<4 lines>...
        tags=emotional_patterns
    )
  File "<string>", line 4, in __init__
  File "C:\Users\Rohan Rathod\AppData\Roaming\Python\Python314\site-packages\sqlalchemy\orm\state.py", line 596, in _initialize_instance
    with util.safe_reraise():
         ~~~~~~~~~~~~~~~~~^^
  File "C:\Users\Rohan Rathod\AppData\Roaming\Python\Python314\site-packages\sqlalchemy\util\langhelpers.py", line 224, in __exit__
    raise exc_value.with_traceback(exc_tb)
  File "C:\Users\Rohan Rathod\AppData\Roaming\Python\Python314\site-packages\sqlalchemy\orm\state.py", line 594, in _initialize_instance
    manager.original_init(*mixed[1:], **kwargs)
    ~~~~~~~~~~~~~~~~~~~~~^^^^^^^^^^^^^^^^^^^^^^
  File "C:\Users\Rohan Rathod\AppData\Roaming\Python\Python314\site-packages\sqlalchemy\orm\decl_base.py", line 2179, in _declarative_constructor
    raise TypeError(
        "%r is an invalid keyword argument for %s" % (k, cls_.__name__)
    )
TypeError: 'user_id' is an invalid keyword argument for JournalEntry
2026-01-20 16:09:36 - root - ERROR - [journal.py:370] - Failed to save journal entry
Traceback (most recent call last):
  File "B:\Open_Source\soul_sence_Exam\SOUL_SENSE_EXAM\app\db.py", line 34, in safe_db_context
    yield session
  File "B:\Open_Source\soul_sence_Exam\SOUL_SENSE_EXAM\app\ui\journal.py", line 339, in save_and_analyze
    entry = JournalEntry(
        user_id=self.app.user_id if hasattr(self.app, 'user_id') else 1, # Fallback
    ...<4 lines>...
        tags=emotional_patterns
    )
  File "<string>", line 4, in __init__
  File "C:\Users\Rohan Rathod\AppData\Roaming\Python\Python314\site-packages\sqlalchemy\orm\state.py", line 596, in _initialize_instance
    with util.safe_reraise():
         ~~~~~~~~~~~~~~~~~^^
  File "C:\Users\Rohan Rathod\AppData\Roaming\Python\Python314\site-packages\sqlalchemy\util\langhelpers.py", line 224, in __exit__
    raise exc_value.with_traceback(exc_tb)
  File "C:\Users\Rohan Rathod\AppData\Roaming\Python\Python314\site-packages\sqlalchemy\orm\state.py", line 594, in _initialize_instance
    manager.original_init(*mixed[1:], **kwargs)
    ~~~~~~~~~~~~~~~~~~~~~^^^^^^^^^^^^^^^^^^^^^^
  File "C:\Users\Rohan Rathod\AppData\Roaming\Python\Python314\site-packages\sqlalchemy\orm\decl_base.py", line 2179, in _declarative_constructor
    raise TypeError(
        "%r is an invalid keyword argument for %s" % (k, cls_.__name__)
    )
TypeError: 'user_id' is an invalid keyword argument for JournalEntry

During handling of the above exception, another exception occurred:

Traceback (most recent call last):
  File "B:\Open_Source\soul_sence_Exam\SOUL_SENSE_EXAM\app\ui\journal.py", line 338, in save_and_analyze
    with safe_db_context() as session:
         ~~~~~~~~~~~~~~~^^
  File "C:\Python314\Lib\contextlib.py", line 162, in __exit__
    self.gen.throw(value)
    ~~~~~~~~~~~~~~^^^^^^^
  File "B:\Open_Source\soul_sence_Exam\SOUL_SENSE_EXAM\app\db.py", line 43, in safe_db_context
    raise DatabaseError("An unexpected database error occurred.", original_exception=e)
app.exceptions.DatabaseError: [E1002] An unexpected database error occurred.
2026-01-20 16:13:35 - __main__ - INFO - [main.py:430] - Initiating graceful application shutdown...
2026-01-20 16:13:35 - __main__ - INFO - [main.py:439] - Database session committed and closed successfully
2026-01-20 16:13:35 - __main__ - INFO - [main.py:444] - Application shutdown complete
2026-01-20 16:13:36 - __main__ - INFO - [main.py:430] - Initiating graceful application shutdown...
2026-01-20 16:13:36 - __main__ - INFO - [main.py:439] - Database session committed and closed successfully
2026-01-20 16:13:36 - __main__ - INFO - [main.py:444] - Application shutdown complete
2026-01-20 16:14:00 - root - INFO - [logger.py:85] - Logging initialized.
2026-01-20 16:14:00 - app.startup_checks - INFO - [startup_checks.py:302] - Running startup integrity checks...
2026-01-20 16:14:00 - app.startup_checks - INFO - [startup_checks.py:272] - Config integrity check passed
2026-01-20 16:14:00 - app.startup_checks - INFO - [startup_checks.py:320] - ✓ config_integrity: Configuration is valid
2026-01-20 16:14:00 - app.startup_checks - INFO - [startup_checks.py:195] - Required files check passed
2026-01-20 16:14:00 - app.startup_checks - INFO - [startup_checks.py:320] - ✓ required_files: All required files and directories present
2026-01-20 16:14:00 - app.startup_checks - INFO - [startup_checks.py:121] - Database schema check passed
2026-01-20 16:14:00 - app.startup_checks - INFO - [startup_checks.py:320] - ✓ database_schema: All required tables present
2026-01-20 16:14:00 - app.startup_checks - INFO - [startup_checks.py:345] - Integrity checks complete: 3 passed, 0 warnings, 0 failed
2026-01-20 16:14:00 - __main__ - INFO - [main.py:485] - Startup Integrity Check Results:
========================================
✓ config_integrity: Configuration is valid
✓ required_files: All required files and directories present
✓ database_schema: All required tables present
========================================
2026-01-20 16:14:00 - __main__ - INFO - [main.py:515] - Preloading questions into memory...
2026-01-20 16:14:00 - app.questions - INFO - [questions.py:52] - Loaded 100 active questions into memory.
2026-01-20 16:14:33 - app.db - ERROR - [db.py:42] - Unexpected error in DB context: 'mood' is an invalid keyword argument for JournalEntry
Traceback (most recent call last):
  File "B:\Open_Source\soul_sence_Exam\SOUL_SENSE_EXAM\app\db.py", line 34, in safe_db_context
    yield session
  File "B:\Open_Source\soul_sence_Exam\SOUL_SENSE_EXAM\app\ui\journal.py", line 339, in save_and_analyze
    entry = JournalEntry(
        username=self.username if hasattr(self, 'username') else (self.app.username if self.app and hasattr(self.app, 'username') else 'guest'),
    ...<4 lines>...
        emotional_patterns=emotional_patterns
    )
  File "<string>", line 4, in __init__
  File "C:\Users\Rohan Rathod\AppData\Roaming\Python\Python314\site-packages\sqlalchemy\orm\state.py", line 596, in _initialize_instance
    with util.safe_reraise():
         ~~~~~~~~~~~~~~~~~^^
  File "C:\Users\Rohan Rathod\AppData\Roaming\Python\Python314\site-packages\sqlalchemy\util\langhelpers.py", line 224, in __exit__
    raise exc_value.with_traceback(exc_tb)
  File "C:\Users\Rohan Rathod\AppData\Roaming\Python\Python314\site-packages\sqlalchemy\orm\state.py", line 594, in _initialize_instance
    manager.original_init(*mixed[1:], **kwargs)
    ~~~~~~~~~~~~~~~~~~~~~^^^^^^^^^^^^^^^^^^^^^^
  File "C:\Users\Rohan Rathod\AppData\Roaming\Python\Python314\site-packages\sqlalchemy\orm\decl_base.py", line 2179, in _declarative_constructor
    raise TypeError(
        "%r is an invalid keyword argument for %s" % (k, cls_.__name__)
    )
TypeError: 'mood' is an invalid keyword argument for JournalEntry
2026-01-20 16:14:33 - root - ERROR - [journal.py:370] - Failed to save journal entry
Traceback (most recent call last):
  File "B:\Open_Source\soul_sence_Exam\SOUL_SENSE_EXAM\app\db.py", line 34, in safe_db_context
    yield session
  File "B:\Open_Source\soul_sence_Exam\SOUL_SENSE_EXAM\app\ui\journal.py", line 339, in save_and_analyze
    entry = JournalEntry(
        username=self.username if hasattr(self, 'username') else (self.app.username if self.app and hasattr(self.app, 'username') else 'guest'),
    ...<4 lines>...
        emotional_patterns=emotional_patterns
    )
  File "<string>", line 4, in __init__
  File "C:\Users\Rohan Rathod\AppData\Roaming\Python\Python314\site-packages\sqlalchemy\orm\state.py", line 596, in _initialize_instance
    with util.safe_reraise():
         ~~~~~~~~~~~~~~~~~^^
  File "C:\Users\Rohan Rathod\AppData\Roaming\Python\Python314\site-packages\sqlalchemy\util\langhelpers.py", line 224, in __exit__
    raise exc_value.with_traceback(exc_tb)
  File "C:\Users\Rohan Rathod\AppData\Roaming\Python\Python314\site-packages\sqlalchemy\orm\state.py", line 594, in _initialize_instance
    manager.original_init(*mixed[1:], **kwargs)
    ~~~~~~~~~~~~~~~~~~~~~^^^^^^^^^^^^^^^^^^^^^^
  File "C:\Users\Rohan Rathod\AppData\Roaming\Python\Python314\site-packages\sqlalchemy\orm\decl_base.py", line 2179, in _declarative_constructor
    raise TypeError(
        "%r is an invalid keyword argument for %s" % (k, cls_.__name__)
    )
TypeError: 'mood' is an invalid keyword argument for JournalEntry

During handling of the above exception, another exception occurred:

Traceback (most recent call last):
  File "B:\Open_Source\soul_sence_Exam\SOUL_SENSE_EXAM\app\ui\journal.py", line 338, in save_and_analyze
    with safe_db_context() as session:
         ~~~~~~~~~~~~~~~^^
  File "C:\Python314\Lib\contextlib.py", line 162, in __exit__
    self.gen.throw(value)
    ~~~~~~~~~~~~~~^^^^^^^
  File "B:\Open_Source\soul_sence_Exam\SOUL_SENSE_EXAM\app\db.py", line 43, in safe_db_context
    raise DatabaseError("An unexpected database error occurred.", original_exception=e)
app.exceptions.DatabaseError: [E1002] An unexpected database error occurred.
2026-01-20 16:22:31 - root - INFO - [logger.py:85] - Logging initialized.
2026-01-20 16:22:31 - app.questions - INFO - [questions.py:52] - Loaded 100 active questions into memory.
2026-01-20 16:22:31 - app.startup_checks - INFO - [startup_checks.py:302] - Running startup integrity checks...
2026-01-20 16:22:31 - app.startup_checks - INFO - [startup_checks.py:272] - Config integrity check passed
2026-01-20 16:22:31 - app.startup_checks - INFO - [startup_checks.py:320] - ✓ config_integrity: Configuration is valid
2026-01-20 16:22:31 - app.startup_checks - INFO - [startup_checks.py:195] - Required files check passed
2026-01-20 16:22:31 - app.startup_checks - INFO - [startup_checks.py:320] - ✓ required_files: All required files and directories present
2026-01-20 16:22:31 - app.startup_checks - INFO - [startup_checks.py:121] - Database schema check passed
2026-01-20 16:22:31 - app.startup_checks - INFO - [startup_checks.py:320] - ✓ database_schema: All required tables present
2026-01-20 16:22:31 - app.startup_checks - INFO - [startup_checks.py:345] - Integrity checks complete: 3 passed, 0 warnings, 0 failed
2026-01-20 16:22:31 - __main__ - INFO - [main.py:485] - Startup Integrity Check Results:
========================================
✓ config_integrity: Configuration is valid
✓ required_files: All required files and directories present
✓ database_schema: All required tables present
========================================
2026-01-20 16:22:31 - __main__ - INFO - [main.py:515] - Preloading questions into memory...
2026-01-20 16:22:31 - app.questions - INFO - [questions.py:52] - Loaded 100 active questions into memory.
2026-01-20 16:23:19 - app.db - ERROR - [db.py:42] - Unexpected error in DB context: 'mood' is an invalid keyword argument for JournalEntry
Traceback (most recent call last):
  File "B:\Open_Source\soul_sence_Exam\SOUL_SENSE_EXAM\app\db.py", line 34, in safe_db_context
    yield session
  File "B:\Open_Source\soul_sence_Exam\SOUL_SENSE_EXAM\app\ui\journal.py", line 344, in save_and_analyze
    entry = JournalEntry(
        username=self.username if hasattr(self, 'username') else (self.app.username if self.app and hasattr(self.app, 'username') else 'guest'),
    ...<4 lines>...
        emotional_patterns=emotional_patterns
    )
  File "<string>", line 4, in __init__
  File "C:\Users\Rohan Rathod\AppData\Roaming\Python\Python314\site-packages\sqlalchemy\orm\state.py", line 596, in _initialize_instance
    with util.safe_reraise():
         ~~~~~~~~~~~~~~~~~^^
  File "C:\Users\Rohan Rathod\AppData\Roaming\Python\Python314\site-packages\sqlalchemy\util\langhelpers.py", line 224, in __exit__
    raise exc_value.with_traceback(exc_tb)
  File "C:\Users\Rohan Rathod\AppData\Roaming\Python\Python314\site-packages\sqlalchemy\orm\state.py", line 594, in _initialize_instance
    manager.original_init(*mixed[1:], **kwargs)
    ~~~~~~~~~~~~~~~~~~~~~^^^^^^^^^^^^^^^^^^^^^^
  File "C:\Users\Rohan Rathod\AppData\Roaming\Python\Python314\site-packages\sqlalchemy\orm\decl_base.py", line 2179, in _declarative_constructor
    raise TypeError(
        "%r is an invalid keyword argument for %s" % (k, cls_.__name__)
    )
TypeError: 'mood' is an invalid keyword argument for JournalEntry
2026-01-20 16:23:19 - root - ERROR - [journal.py:375] - Failed to save journal entry
Traceback (most recent call last):
  File "B:\Open_Source\soul_sence_Exam\SOUL_SENSE_EXAM\app\db.py", line 34, in safe_db_context
    yield session
  File "B:\Open_Source\soul_sence_Exam\SOUL_SENSE_EXAM\app\ui\journal.py", line 344, in save_and_analyze
    entry = JournalEntry(
        username=self.username if hasattr(self, 'username') else (self.app.username if self.app and hasattr(self.app, 'username') else 'guest'),
    ...<4 lines>...
        emotional_patterns=emotional_patterns
    )
  File "<string>", line 4, in __init__
  File "C:\Users\Rohan Rathod\AppData\Roaming\Python\Python314\site-packages\sqlalchemy\orm\state.py", line 596, in _initialize_instance
    with util.safe_reraise():
         ~~~~~~~~~~~~~~~~~^^
  File "C:\Users\Rohan Rathod\AppData\Roaming\Python\Python314\site-packages\sqlalchemy\util\langhelpers.py", line 224, in __exit__
    raise exc_value.with_traceback(exc_tb)
  File "C:\Users\Rohan Rathod\AppData\Roaming\Python\Python314\site-packages\sqlalchemy\orm\state.py", line 594, in _initialize_instance
    manager.original_init(*mixed[1:], **kwargs)
    ~~~~~~~~~~~~~~~~~~~~~^^^^^^^^^^^^^^^^^^^^^^
  File "C:\Users\Rohan Rathod\AppData\Roaming\Python\Python314\site-packages\sqlalchemy\orm\decl_base.py", line 2179, in _declarative_constructor
    raise TypeError(
        "%r is an invalid keyword argument for %s" % (k, cls_.__name__)
    )
TypeError: 'mood' is an invalid keyword argument for JournalEntry

During handling of the above exception, another exception occurred:

Traceback (most recent call last):
  File "B:\Open_Source\soul_sence_Exam\SOUL_SENSE_EXAM\app\ui\journal.py", line 343, in save_and_analyze
    with safe_db_context() as session:
         ~~~~~~~~~~~~~~~^^
  File "C:\Python314\Lib\contextlib.py", line 162, in __exit__
    self.gen.throw(value)
    ~~~~~~~~~~~~~~^^^^^^^
  File "B:\Open_Source\soul_sence_Exam\SOUL_SENSE_EXAM\app\db.py", line 43, in safe_db_context
    raise DatabaseError("An unexpected database error occurred.", original_exception=e)
app.exceptions.DatabaseError: [E1002] An unexpected database error occurred.
2026-01-20 16:27:55 - __main__ - INFO - [main.py:430] - Initiating graceful application shutdown...
2026-01-20 16:27:55 - __main__ - INFO - [main.py:439] - Database session committed and closed successfully
2026-01-20 16:27:55 - __main__ - INFO - [main.py:444] - Application shutdown complete
2026-01-20 16:27:55 - __main__ - INFO - [main.py:430] - Initiating graceful application shutdown...
2026-01-20 16:27:55 - __main__ - INFO - [main.py:439] - Database session committed and closed successfully
2026-01-20 16:27:55 - __main__ - INFO - [main.py:444] - Application shutdown complete
2026-01-20 16:28:32 - root - INFO - [logger.py:85] - Logging initialized.
2026-01-20 16:28:32 - app.startup_checks - INFO - [startup_checks.py:302] - Running startup integrity checks...
2026-01-20 16:28:32 - app.startup_checks - INFO - [startup_checks.py:272] - Config integrity check passed
2026-01-20 16:28:32 - app.startup_checks - INFO - [startup_checks.py:320] - ✓ config_integrity: Configuration is valid
2026-01-20 16:28:32 - app.startup_checks - INFO - [startup_checks.py:195] - Required files check passed
2026-01-20 16:28:32 - app.startup_checks - INFO - [startup_checks.py:320] - ✓ required_files: All required files and directories present
2026-01-20 16:28:32 - app.questions - INFO - [questions.py:52] - Loaded 100 active questions into memory.
2026-01-20 16:28:32 - app.startup_checks - INFO - [startup_checks.py:121] - Database schema check passed
2026-01-20 16:28:32 - app.startup_checks - INFO - [startup_checks.py:320] - ✓ database_schema: All required tables present
2026-01-20 16:28:32 - app.startup_checks - INFO - [startup_checks.py:345] - Integrity checks complete: 3 passed, 0 warnings, 0 failed
2026-01-20 16:28:32 - __main__ - INFO - [main.py:485] - Startup Integrity Check Results:
========================================
✓ config_integrity: Configuration is valid
✓ required_files: All required files and directories present
✓ database_schema: All required tables present
========================================
2026-01-20 16:28:32 - __main__ - INFO - [main.py:515] - Preloading questions into memory...
2026-01-20 16:28:32 - app.questions - INFO - [questions.py:52] - Loaded 100 active questions into memory.
2026-01-20 16:29:45 - root - ERROR - [journal.py:374] - Failed to save journal entry
Traceback (most recent call last):
  File "B:\Open_Source\soul_sence_Exam\SOUL_SENSE_EXAM\app\ui\journal.py", line 371, in save_and_analyze
    self.load_entries()
    ^^^^^^^^^^^^^^^^^
AttributeError: 'JournalFeature' object has no attribute 'load_entries'
2026-01-20 16:32:03 - __main__ - INFO - [main.py:430] - Initiating graceful application shutdown...
2026-01-20 16:32:04 - __main__ - INFO - [main.py:439] - Database session committed and closed successfully
2026-01-20 16:32:04 - __main__ - INFO - [main.py:444] - Application shutdown complete
2026-01-20 16:32:04 - __main__ - INFO - [main.py:430] - Initiating graceful application shutdown...
2026-01-20 16:32:04 - __main__ - INFO - [main.py:439] - Database session committed and closed successfully
2026-01-20 16:32:04 - __main__ - INFO - [main.py:444] - Application shutdown complete
2026-01-20 16:32:23 - root - INFO - [logger.py:85] - Logging initialized.
2026-01-20 16:32:23 - app.startup_checks - INFO - [startup_checks.py:302] - Running startup integrity checks...
2026-01-20 16:32:23 - app.startup_checks - INFO - [startup_checks.py:272] - Config integrity check passed
2026-01-20 16:32:23 - app.startup_checks - INFO - [startup_checks.py:320] - ✓ config_integrity: Configuration is valid
2026-01-20 16:32:23 - app.startup_checks - INFO - [startup_checks.py:195] - Required files check passed
2026-01-20 16:32:23 - app.startup_checks - INFO - [startup_checks.py:320] - ✓ required_files: All required files and directories present
2026-01-20 16:32:23 - app.questions - INFO - [questions.py:52] - Loaded 100 active questions into memory.
2026-01-20 16:32:24 - app.startup_checks - INFO - [startup_checks.py:121] - Database schema check passed
2026-01-20 16:32:24 - app.startup_checks - INFO - [startup_checks.py:320] - ✓ database_schema: All required tables present
2026-01-20 16:32:24 - app.startup_checks - INFO - [startup_checks.py:345] - Integrity checks complete: 3 passed, 0 warnings, 0 failed
2026-01-20 16:32:24 - __main__ - INFO - [main.py:485] - Startup Integrity Check Results:
========================================
✓ config_integrity: Configuration is valid
✓ required_files: All required files and directories present
✓ database_schema: All required tables present
========================================
2026-01-20 16:32:24 - __main__ - INFO - [main.py:515] - Preloading questions into memory...
2026-01-20 16:32:24 - app.questions - INFO - [questions.py:52] - Loaded 100 active questions into memory.
2026-01-20 16:33:41 - app.services.exam_service - INFO - [exam_service.py:55] - Exam session started for user: rohan1
2026-01-20 16:34:50 - __main__ - INFO - [main.py:430] - Initiating graceful application shutdown...
2026-01-20 16:34:50 - __main__ - INFO - [main.py:439] - Database session committed and closed successfully
2026-01-20 16:34:50 - __main__ - INFO - [main.py:444] - Application shutdown complete
2026-01-20 16:34:51 - __main__ - INFO - [main.py:430] - Initiating graceful application shutdown...
2026-01-20 16:34:51 - __main__ - INFO - [main.py:439] - Database session committed and closed successfully
2026-01-20 16:34:51 - __main__ - INFO - [main.py:444] - Application shutdown complete
2026-01-20 16:40:51 - root - INFO - [logger.py:85] - Logging initialized.
2026-01-20 16:40:51 - app.startup_checks - INFO - [startup_checks.py:302] - Running startup integrity checks...
2026-01-20 16:40:51 - app.startup_checks - INFO - [startup_checks.py:272] - Config integrity check passed
2026-01-20 16:40:51 - app.startup_checks - INFO - [startup_checks.py:320] - ✓ config_integrity: Configuration is valid
2026-01-20 16:40:51 - app.startup_checks - INFO - [startup_checks.py:195] - Required files check passed
2026-01-20 16:40:51 - app.startup_checks - INFO - [startup_checks.py:320] - ✓ required_files: All required files and directories present
2026-01-20 16:40:51 - app.questions - INFO - [questions.py:52] - Loaded 100 active questions into memory.
2026-01-20 16:40:51 - app.startup_checks - INFO - [startup_checks.py:121] - Database schema check passed
2026-01-20 16:40:51 - app.startup_checks - INFO - [startup_checks.py:320] - ✓ database_schema: All required tables present
2026-01-20 16:40:51 - app.startup_checks - INFO - [startup_checks.py:345] - Integrity checks complete: 3 passed, 0 warnings, 0 failed
2026-01-20 16:40:51 - __main__ - INFO - [main.py:485] - Startup Integrity Check Results:
========================================
✓ config_integrity: Configuration is valid
✓ required_files: All required files and directories present
✓ database_schema: All required tables present
========================================
2026-01-20 16:40:51 - __main__ - INFO - [main.py:515] - Preloading questions into memory...
2026-01-20 16:40:51 - app.questions - INFO - [questions.py:52] - Loaded 100 active questions into memory.
2026-01-20 16:41:09 - app.ml.clustering - INFO - [clustering.py:617] - Model loaded from B:\Open_Source\soul_sence_Exam\SOUL_SENSE_EXAM\app\ml\models\clustering\emotional_profile_model.pkl
2026-01-20 16:41:10 - app.services.exam_service - INFO - [exam_service.py:55] - Exam session started for user: rohan1
2026-01-20 16:41:10 - app.services.exam_service - INFO - [exam_service.py:55] - Exam session started for user: rohan1
2026-01-20 16:41:11 - app.ml.clustering - INFO - [clustering.py:617] - Model loaded from B:\Open_Source\soul_sence_Exam\SOUL_SENSE_EXAM\app\ml\models\clustering\emotional_profile_model.pkl
2026-01-20 16:41:16 - app.ml.clustering - INFO - [clustering.py:617] - Model loaded from B:\Open_Source\soul_sence_Exam\SOUL_SENSE_EXAM\app\ml\models\clustering\emotional_profile_model.pkl
2026-01-20 16:41:17 - app.services.exam_service - INFO - [exam_service.py:55] - Exam session started for user: rohan1
2026-01-20 16:41:19 - app.ml.clustering - INFO - [clustering.py:617] - Model loaded from B:\Open_Source\soul_sence_Exam\SOUL_SENSE_EXAM\app\ml\models\clustering\emotional_profile_model.pkl
2026-01-20 16:41:21 - app.ml.clustering - INFO - [clustering.py:617] - Model loaded from B:\Open_Source\soul_sence_Exam\SOUL_SENSE_EXAM\app\ml\models\clustering\emotional_profile_model.pkl
2026-01-20 16:41:22 - app.services.exam_service - INFO - [exam_service.py:55] - Exam session started for user: rohan1
2026-01-20 16:41:37 - app.services.exam_service - INFO - [exam_service.py:220] - Exam saved. Score: 15, Sentiment: 44.04, UserID: 1
2026-01-20 16:43:49 - app.error_handler - ERROR - [error_handler.py:134] - [HIGH] tkinter.callback: NameError - name 'original_img' is not defined
Traceback (most recent call last):
  File "C:\Python314\Lib\tkinter\__init__.py", line 2088, in __call__
    return self.func(*args)
           ~~~~~~~~~^^^^^^^
  File "B:\Open_Source\soul_sence_Exam\SOUL_SENSE_EXAM\app\ui\profile.py", line 288, in <lambda>
    avatar_canvas.bind("<Button-1>", lambda e: self._upload_profile_photo())
                                               ~~~~~~~~~~~~~~~~~~~~~~~~~~^^
  File "B:\Open_Source\soul_sence_Exam\SOUL_SENSE_EXAM\app\ui\profile.py", line 667, in _upload_profile_photo
    self._open_crop_dialog(filepath)
    ~~~~~~~~~~~~~~~~~~~~~~^^^^^^^^^^
  File "B:\Open_Source\soul_sence_Exam\SOUL_SENSE_EXAM\app\ui\profile.py", line 689, in _open_crop_dialog
    scale = min(display_size / original_img.width, display_size / original_img.height)
                               ^^^^^^^^^^^^
NameError: name 'original_img' is not defined
2026-01-20 16:43:49 - root - ERROR - [main.py:455] - Interface Error: An unexpected error occurred. Please try again. - name 'original_img' is not defined
2026-01-20 16:46:26 - __main__ - INFO - [main.py:430] - Initiating graceful application shutdown...
2026-01-20 16:46:26 - __main__ - INFO - [main.py:439] - Database session committed and closed successfully
2026-01-20 16:46:26 - __main__ - INFO - [main.py:444] - Application shutdown complete
2026-01-20 16:46:26 - __main__ - INFO - [main.py:430] - Initiating graceful application shutdown...
2026-01-20 16:46:26 - __main__ - INFO - [main.py:439] - Database session committed and closed successfully
2026-01-20 16:46:26 - __main__ - INFO - [main.py:444] - Application shutdown complete
2026-01-20 18:53:44 - root - INFO - [logger.py:85] - Logging initialized.
2026-01-20 18:53:44 - app.startup_checks - INFO - [startup_checks.py:302] - Running startup integrity checks...
2026-01-20 18:53:44 - app.startup_checks - INFO - [startup_checks.py:272] - Config integrity check passed
2026-01-20 18:53:44 - app.startup_checks - INFO - [startup_checks.py:320] - ✓ config_integrity: Configuration is valid
2026-01-20 18:53:44 - app.startup_checks - INFO - [startup_checks.py:195] - Required files check passed
2026-01-20 18:53:44 - app.startup_checks - INFO - [startup_checks.py:320] - ✓ required_files: All required files and directories present
2026-01-20 18:53:44 - app.startup_checks - INFO - [startup_checks.py:121] - Database schema check passed
2026-01-20 18:53:44 - app.startup_checks - INFO - [startup_checks.py:320] - ✓ database_schema: All required tables present
2026-01-20 18:53:44 - app.startup_checks - INFO - [startup_checks.py:345] - Integrity checks complete: 3 passed, 0 warnings, 0 failed
2026-01-20 18:53:44 - __main__ - INFO - [main.py:485] - Startup Integrity Check Results:
========================================
✓ config_integrity: Configuration is valid
✓ required_files: All required files and directories present
✓ database_schema: All required tables present
========================================
2026-01-20 18:53:44 - __main__ - INFO - [main.py:515] - Preloading questions into memory...
2026-01-20 18:53:44 - app.questions - INFO - [questions.py:52] - Loaded 100 active questions into memory.
2026-01-20 19:05:57 - app.services.exam_service - INFO - [exam_service.py:180] - Exam session started for user: rohan1
2026-01-20 19:05:58 - app.ml.clustering - INFO - [clustering.py:617] - Model loaded from B:\Open_Source\soul_sence_Exam\SOUL_SENSE_EXAM\app\ml\models\clustering\emotional_profile_model.pkl
2026-01-20 19:05:59 - app.services.exam_service - INFO - [exam_service.py:180] - Exam session started for user: rohan1
2026-01-20 19:06:11 - app.services.exam_service - INFO - [exam_service.py:95] - Exam saved. Score: 13, User: rohan1
2026-01-20 19:06:34 - app.ml.clustering - INFO - [clustering.py:617] - Model loaded from B:\Open_Source\soul_sence_Exam\SOUL_SENSE_EXAM\app\ml\models\clustering\emotional_profile_model.pkl
2026-01-20 19:06:59 - root - ERROR - [journal.py:387] - Failed to save journal entry
Traceback (most recent call last):
  File "B:\Open_Source\soul_sence_Exam\SOUL_SENSE_EXAM\app\ui\journal.py", line 369, in save_and_analyze
    health_insights = self.generate_health_insights()
  File "B:\Open_Source\soul_sence_Exam\SOUL_SENSE_EXAM\app\ui\journal.py", line 946, in generate_health_insights
    return insight_text
           ^^^^^^^^^^^^
UnboundLocalError: cannot access local variable 'insight_text' where it is not associated with a value
2026-01-20 19:22:34 - __main__ - INFO - [main.py:430] - Initiating graceful application shutdown...
2026-01-20 19:22:34 - __main__ - INFO - [main.py:439] - Database session committed and closed successfully
2026-01-20 19:22:34 - __main__ - INFO - [main.py:444] - Application shutdown complete
2026-01-20 19:22:34 - __main__ - INFO - [main.py:430] - Initiating graceful application shutdown...
2026-01-20 19:22:34 - __main__ - INFO - [main.py:439] - Database session committed and closed successfully
2026-01-20 19:22:34 - __main__ - INFO - [main.py:444] - Application shutdown complete
2026-01-20 19:22:58 - root - INFO - [logger.py:85] - Logging initialized.
2026-01-20 19:22:58 - app.startup_checks - INFO - [startup_checks.py:302] - Running startup integrity checks...
2026-01-20 19:22:58 - app.startup_checks - INFO - [startup_checks.py:272] - Config integrity check passed
2026-01-20 19:22:58 - app.startup_checks - INFO - [startup_checks.py:320] - ✓ config_integrity: Configuration is valid
2026-01-20 19:22:58 - app.startup_checks - INFO - [startup_checks.py:195] - Required files check passed
2026-01-20 19:22:58 - app.startup_checks - INFO - [startup_checks.py:320] - ✓ required_files: All required files and directories present
2026-01-20 19:22:58 - app.startup_checks - INFO - [startup_checks.py:121] - Database schema check passed
2026-01-20 19:22:58 - app.startup_checks - INFO - [startup_checks.py:320] - ✓ database_schema: All required tables present
2026-01-20 19:22:58 - app.startup_checks - INFO - [startup_checks.py:345] - Integrity checks complete: 3 passed, 0 warnings, 0 failed
2026-01-20 19:22:58 - __main__ - INFO - [main.py:485] - Startup Integrity Check Results:
========================================
✓ config_integrity: Configuration is valid
✓ required_files: All required files and directories present
✓ database_schema: All required tables present
========================================
2026-01-20 19:22:58 - __main__ - INFO - [main.py:515] - Preloading questions into memory...
2026-01-20 19:22:58 - app.questions - INFO - [questions.py:52] - Loaded 100 active questions into memory.
2026-01-20 19:22:58 - app.questions - INFO - [questions.py:52] - Loaded 100 active questions into memory.
2026-01-20 19:24:49 - app.services.exam_service - INFO - [exam_service.py:180] - Exam session started for user: rohan1
2026-01-20 19:24:58 - app.services.exam_service - INFO - [exam_service.py:95] - Exam saved. Score: 14, User: rohan1
2026-01-20 19:25:15 - app.ml.clustering - INFO - [clustering.py:617] - Model loaded from B:\Open_Source\soul_sence_Exam\SOUL_SENSE_EXAM\app\ml\models\clustering\emotional_profile_model.pkl
2026-01-20 19:25:18 - root - ERROR - [profile.py:595] - Error loading overview data: name 'get_session' is not defined
2026-01-20 19:25:23 - __main__ - INFO - [main.py:430] - Initiating graceful application shutdown...
2026-01-20 19:25:23 - __main__ - INFO - [main.py:439] - Database session committed and closed successfully
2026-01-20 19:25:23 - __main__ - INFO - [main.py:444] - Application shutdown complete
2026-01-20 19:25:23 - __main__ - INFO - [main.py:430] - Initiating graceful application shutdown...
2026-01-20 19:25:23 - __main__ - INFO - [main.py:439] - Database session committed and closed successfully
2026-01-20 19:25:23 - __main__ - INFO - [main.py:444] - Application shutdown complete
